Archive member included to satisfy reference by file (symbol)

C:/devkitPro/libnds/lib\libnds9.a(console.o)
                              main.o (consoleSelect)
C:/devkitPro/libnds/lib\libnds9.a(keys.o)
                              main.o (scanKeys)
C:/devkitPro/libnds/lib\libnds9.a(default_font.bin.o)
                              C:/devkitPro/libnds/lib\libnds9.a(console.o) (default_font_bin)
C:/devkitPro/libnds/lib\libnds9.a(background.o)
                              C:/devkitPro/libnds/lib\libnds9.a(console.o) (bgState)
C:/devkitPro/libnds/lib\libnds9.a(trig.o)
                              C:/devkitPro/libnds/lib\libnds9.a(background.o) (sinLerp)
C:/devkitPro/calico/lib\libcalico_ds9.a(thread_cold.o)
                              main.o (threadIrqWait)
C:/devkitPro/calico/lib\libcalico_ds9.a(thread_hot.32.o)
                              C:/devkitPro/calico/lib\libcalico_ds9.a(thread_cold.o) (__sched_state)
C:/devkitPro/calico/lib\libcalico_ds9.a(arm-copy-fill.32.o)
                              C:/devkitPro/calico/lib\libcalico_ds9.a(thread_cold.o) (armCopyMem32)
C:/devkitPro/calico/lib\libcalico_ds9.a(arm-context.32.o)
                              C:/devkitPro/calico/lib\libcalico_ds9.a(thread_cold.o) (armContextSave)
C:/devkitPro/calico/lib\libcalico_ds9.a(arm-shims.32.o)
                              C:/devkitPro/calico/lib\libcalico_ds9.a(thread_cold.o) (armWaitForIrq)
C:/devkitPro/calico/lib\libcalico_ds9.a(keypad.o)
                              C:/devkitPro/libnds/lib\libnds9.a(keys.o) (keypadGetState)
C:/devkitPro/calico/lib\libcalico_ds9.a(pm.o)
                              main.o (pmMainLoop)
C:/devkitPro/calico/lib\libcalico_ds9.a(bootstub_arm9.o)
                              (__ds9_bootstub)
C:/devkitPro/calico/lib\libcalico_ds9.a(excpt_handler.32.o)
                              C:/devkitPro/calico/lib\libcalico_ds9.a(bootstub_arm9.o) (__arm_excpt_rst)
C:/devkitPro/calico/lib\libcalico_ds9.a(touch.o)
                              main.o (touchRead)
C:/devkitPro/calico/lib\libcalico_ds9.a(tick.o)
                              C:/devkitPro/calico/lib\libcalico_ds9.a(thread_cold.o) (tickTaskStart)
C:/devkitPro/calico/lib\libcalico_ds9.a(mailbox.o)
                              C:/devkitPro/calico/lib\libcalico_ds9.a(pm.o) (mailboxRecv)
C:/devkitPro/calico/lib\libcalico_ds9.a(newlib_syscalls.o)
                              C:/devkitPro/calico/lib\libcalico_ds9.a(bootstub_arm9.o) (__newlib_syscalls)
C:/devkitPro/calico/lib\libcalico_ds9.a(arm-cache.32.o)
                              C:/devkitPro/calico/lib\libcalico_ds9.a(pm.o) (armDCacheFlushAll)
C:/devkitPro/calico/lib\libcalico_ds9.a(startup.crt0.o)
                              C:/devkitPro/calico/lib\libcalico_ds9.a(bootstub_arm9.o) (crt0Startup)
C:/devkitPro/calico/lib\libcalico_ds9.a(utils.crt0.o)
                              C:/devkitPro/calico/lib\libcalico_ds9.a(startup.crt0.o) (crt0CopyMem32)
C:/devkitPro/calico/lib\libcalico_ds9.a(irq_handler.32.o)
                              C:/devkitPro/calico/lib\libcalico_ds9.a(bootstub_arm9.o) (__arm_excpt_irq)
C:/devkitPro/calico/lib\libcalico_ds9.a(pxi.o)
                              C:/devkitPro/calico/lib\libcalico_ds9.a(startup.crt0.o) (_pxiInit)
C:/devkitPro/calico/lib\libcalico_ds9.a(mpu_setup.crt0.o)
                              C:/devkitPro/calico/lib\libcalico_ds9.a(startup.crt0.o) (crt0SetupMPU)
C:/devkitPro/calico/lib\libcalico_ds9.a(sys_startup.o)
                              C:/devkitPro/calico/lib\libcalico_ds9.a(startup.crt0.o) (systemStartup)
C:/devkitPro/calico/lib\libcalico_ds9.a(irq.o)
                              C:/devkitPro/calico/lib\libcalico_ds9.a(tick.o) (irqSet)
C:/devkitPro/calico/lib\libcalico_ds9.a(mutex.o)
                              C:/devkitPro/calico/lib\libcalico_ds9.a(newlib_syscalls.o) (mutexLock)
C:/devkitPro/devkitARM/bin/../lib/gcc/arm-none-eabi/15.1.0\libgcc.a(_divsi3.o)
                              C:/devkitPro/libnds/lib\libnds9.a(console.o) (__aeabi_idivmod)
C:/devkitPro/devkitARM/bin/../lib/gcc/arm-none-eabi/15.1.0\libgcc.a(_dvmd_tls.o)
                              C:/devkitPro/devkitARM/bin/../lib/gcc/arm-none-eabi/15.1.0\libgcc.a(_divsi3.o) (__aeabi_idiv0)
C:/devkitPro/devkitARM/bin/../lib/gcc/arm-none-eabi/15.1.0\libgcc.a(_aeabi_uldivmod.o)
                              C:/devkitPro/calico/lib\libcalico_ds9.a(newlib_syscalls.o) (__aeabi_uldivmod)
C:/devkitPro/devkitARM/bin/../lib/gcc/arm-none-eabi/15.1.0\libgcc.a(_sync_none.o)
                              (__sync_synchronize_none)
C:/devkitPro/devkitARM/bin/../lib/gcc/arm-none-eabi/15.1.0\libgcc.a(_udivmoddi4.o)
                              C:/devkitPro/devkitARM/bin/../lib/gcc/arm-none-eabi/15.1.0\libgcc.a(_aeabi_uldivmod.o) (__udivmoddi4)
C:/devkitPro/devkitARM/bin/../lib/gcc/arm-none-eabi/15.1.0\libgcc.a(_clzdi2.o)
                              C:/devkitPro/devkitARM/bin/../lib/gcc/arm-none-eabi/15.1.0\libgcc.a(_udivmoddi4.o) (__clzdi2)
[...]
Memory Configuration

Name             Origin             Length             Attributes
lma9             0x02004000         0x0027c000
lma9i            0x02400000         0x00280000
vectors          0x00000000         0x00000020
itcm             0x01ff8020         0x00007fe0
main             0x02001000         0x00f7f000
dtcm             0x02ff0000         0x00003e80
dldi             0x0380b000         0x00004000
stub             0x0e000000         0x00004000
tls              0x00000000         0x00000400
*default*        0x00000000         0xffffffff

Linker script and memory map

                0x00000000                        __sync_synchronize = __sync_synchronize_none
LOAD C:/devkitPro/devkitARM/bin/../lib/gcc/arm-none-eabi/15.1.0/crti.o
LOAD C:/devkitPro/devkitARM/bin/../lib/gcc/arm-none-eabi/15.1.0/crtbegin.o
LOAD main.o
LOAD C:/devkitPro/libnds/lib\libnds9.a
LOAD C:/devkitPro/calico/lib\libcalico_ds9.a
START GROUP
LOAD C:/devkitPro/devkitARM/bin/../lib/gcc/arm-none-eabi/15.1.0\libgcc.a
LOAD C:/devkitPro/devkitARM/bin/../lib/gcc/arm-none-eabi/15.1.0/../../../../arm-none-eabi/lib\libg.a
LOAD C:/devkitPro/devkitARM/bin/../lib/gcc/arm-none-eabi/15.1.0/../../../../arm-none-eabi/lib\libc.a
LOAD C:/devkitPro/devkitARM/bin/../lib/gcc/arm-none-eabi/15.1.0/../../../../arm-none-eabi/lib\libsysbase.a
END GROUP
LOAD C:/devkitPro/devkitARM/bin/../lib/gcc/arm-none-eabi/15.1.0/crtend.o
LOAD C:/devkitPro/devkitARM/bin/../lib/gcc/arm-none-eabi/15.1.0/crtn.o
                0x02ff3e80                        PROVIDE (__sp_usr = (ORIGIN (dtcm) + LENGTH (dtcm)))
                0x02ff3f80                        PROVIDE (__sp_irq = (__sp_usr + 0x100))
                0x02ff3fc0                        PROVIDE (__sp_svc = (__sp_irq + 0x40))
                0x02ff3ff8                        PROVIDE (__irq_flags = (__sp_svc + 0x38))
                [!provide]                        PROVIDE (__irq_vector = (__sp_svc + 0x3c))
                [!provide]                        PROVIDE (__arm_excpt_rst = 0xffff0000)
                [!provide]                        PROVIDE (__arm_excpt_und = 0xffff0004)
                0xffff0008                        PROVIDE (__arm_excpt_svc = 0xffff0008)
                [!provide]                        PROVIDE (__arm_excpt_pabt = 0xffff000c)
                [!provide]                        PROVIDE (__arm_excpt_dabt = 0xffff0010)
                [!provide]                        PROVIDE (__arm_excpt_irq = 0xffff0018)
                [!provide]                        PROVIDE (__arm_excpt_fiq = 0xffff001c)
                0x00000000                        PROVIDE (__end__ = 0x0)

.secure         0x0e000000      0x800 load address 0x02004000
                0x0e0007fc                        . = (. + 0x7fc)
 *fill*         0x0e000000      0x7fc 00000000
                0x0e0007fc        0x4 LONG 0x0

.bootstub       0x0e000800      0x198 load address 0x02004800
 *(.bootstub .bootstub.*)
 .bootstub.__ds9_bootstub
                0x0e000800      0x198 C:/devkitPro/calico/lib\libcalico_ds9.a(bootstub_arm9.o)
                0x0e000800                __ds9_bootstub
                0x0e000998                        . = ALIGN (0x4)

.crt0           0x02001000      0x3c0 load address 0x02004998
 *(.crt0 .crt0.*)
 .crt0.__ds9_bootstub_trampoline
                0x02001000       0x60 C:/devkitPro/calico/lib\libcalico_ds9.a(bootstub_arm9.o)
 *.crt0.*(.text .stub .text.* .gnu.linkonce.t.*)
 .text.crt0ProcessLoadList
                0x02001060       0x74 C:/devkitPro/calico/lib\libcalico_ds9.a(startup.crt0.o)
                0x02001060                crt0ProcessLoadList
 .text.crt0Startup
                0x020010d4      0x180 C:/devkitPro/calico/lib\libcalico_ds9.a(startup.crt0.o)
                0x020010d4                crt0Startup
 .text.crt0CopyMem32
                0x02001254       0x4c C:/devkitPro/calico/lib\libcalico_ds9.a(utils.crt0.o)
                0x02001254                crt0CopyMem32
 .text.crt0FillMem32
                0x020012a0       0x58 C:/devkitPro/calico/lib\libcalico_ds9.a(utils.crt0.o)
                0x020012a0                crt0FillMem32
 .text.crt0SetupMPU
                0x020012f8       0xb4 C:/devkitPro/calico/lib\libcalico_ds9.a(mpu_setup.crt0.o)
                0x020012f8                crt0SetupMPU
 *.crt0.*(.glue_7t .glue_7 .vfp11_veneer .v4_bx)
 *.crt0.*(.rodata .rodata.* .gnu.linkonce.r.*)
 *.crt0.*(.rodata1)
                0x020013c0                        . = ALIGN (0x20)
 *fill*         0x020013ac       0x14 ff
                0x02004998                        PROVIDE (__crt0_lma = LOADADDR (.crt0))
                0x02001000                        PROVIDE (__crt0_start = ADDR (.crt0))
                0x020013c0                        PROVIDE (__crt0_end = (ADDR (.crt0) + SIZEOF (.crt0)))
                0x00000001                        ASSERT (((__crt0_end <= LOADADDR (.bootstub)) || (__crt0_start >= (LOADADDR (.bootstub) + SIZEOF (.bootstub)))), Error: crt0 section overlaps initial bootstrap)

.dldi           0x0380b000        0x0 load address 0x02004d58
 *(.dldi)
                0x00000000                        PROVIDE (__dldi_lma = SIZEOF (.dldi)?LOADADDR (.dldi):0x0)

.vectors        0x00000000       0x20 load address 0x02004d58
 *(.vectors)
 .vectors       0x00000000       0x20 C:/devkitPro/calico/lib\libcalico_ds9.a(bootstub_arm9.o)

.itcm           0x01ff8020      0x67c load address 0x02004d78
 *(.itcm .itcm.*)
 .itcm          0x01ff8020       0x30 C:/devkitPro/calico/lib\libcalico_ds9.a(bootstub_arm9.o)
                0x01ff8038                __excpt_vectors
 *.itcm.*(.text .stub .text.* .gnu.linkonce.t.*)
 *.32.o(.text .stub .text.* .gnu.linkonce.t.*)
 .text.threadReschedule
                0x01ff8050       0x88 C:/devkitPro/calico/lib\libcalico_ds9.a(thread_hot.32.o)
 .text.threadBlock
                0x01ff80d8       0xd8 C:/devkitPro/calico/lib\libcalico_ds9.a(thread_hot.32.o)
                0x01ff80d8                threadBlock
 .text.threadUnblockOneByValue
                0x01ff81b0       0xc0 C:/devkitPro/calico/lib\libcalico_ds9.a(thread_hot.32.o)
                0x01ff81b0                threadUnblockOneByValue
 .text.threadUnblockAllByValue
                0x01ff8270      0x130 C:/devkitPro/calico/lib\libcalico_ds9.a(thread_hot.32.o)
                0x01ff8270                threadUnblockAllByValue
 .text.threadUnblockAllByMask
                0x01ff83a0      0x134 C:/devkitPro/calico/lib\libcalico_ds9.a(thread_hot.32.o)
                0x01ff83a0                threadUnblockAllByMask
 .text.armContextSave
                0x01ff84d4       0x2c C:/devkitPro/calico/lib\libcalico_ds9.a(arm-context.32.o)
                0x01ff84d4                armContextSave
 .text.armContextLoad
                0x01ff8500       0x20 C:/devkitPro/calico/lib\libcalico_ds9.a(arm-context.32.o)
                0x01ff8500                armContextLoad
                0x01ff8504                armContextLoadFromSvc
 .text.armWaitForIrq
                0x01ff8520        0x8 C:/devkitPro/calico/lib\libcalico_ds9.a(arm-shims.32.o)
                0x01ff8520                armWaitForIrq
 .text.__excpt_entry
                0x01ff8528       0x50 C:/devkitPro/calico/lib\libcalico_ds9.a(excpt_handler.32.o)
                0x01ff8528                __arm_excpt_rst
                0x01ff852c                __arm_excpt_pabt
                0x01ff8530                __arm_excpt_und
                0x01ff853c                __arm_excpt_dabt
 .text.armDrainWriteBuffer
                0x01ff8578        0xc C:/devkitPro/calico/lib\libcalico_ds9.a(arm-cache.32.o)
                0x01ff8578                armDrainWriteBuffer
 .text.armDCacheFlushAll
                0x01ff8584       0x28 C:/devkitPro/calico/lib\libcalico_ds9.a(arm-cache.32.o)
                0x01ff8584                armDCacheFlushAll
 .text.armICacheInvalidateAll
                0x01ff85ac        0xc C:/devkitPro/calico/lib\libcalico_ds9.a(arm-cache.32.o)
                0x01ff85ac                armICacheInvalidateAll
 .text.__arm_excpt_irq
                0x01ff85b8       0xe4 C:/devkitPro/calico/lib\libcalico_ds9.a(irq_handler.32.o)
                0x01ff85b8                __arm_excpt_irq
 *.itcm.*(.glue_7t .glue_7 .vfp11_veneer .v4_bx)
 *.32.o(.glue_7t .glue_7 .vfp11_veneer .v4_bx)
 *.itcm.*(.rodata .rodata.* .gnu.linkonce.r.*)
 *.32.o(.rodata .rodata.* .gnu.linkonce.r.*)
 *.itcm.*(.rodata1)
 *.32.o(.rodata1)
                0x01ff869c                        . = ALIGN (0x4)
                0x02004d58                        PROVIDE (__itcm_lma = LOADADDR (.vectors))
                0x01ff8000                        PROVIDE (__itcm_start = (ADDR (.itcm) - SIZEOF (.vectors)))
                0x01ff869c                        PROVIDE (__itcm_end = (ADDR (.itcm) + SIZEOF (.itcm)))
                0x00000001                        ASSERT (((__itcm_lma + SIZEOF (.vectors)) == LOADADDR (.itcm)), Error: gap between vectors and itcm)

.dtcm           0x02ff0000        0x0 load address 0x020053f4
 *(.dtcm .dtcm.*)
 *.32.o(.data .data.* .gnu.linkonce.d.*)
 *.32.o(.data1)
                0x02ff0000                        . = ALIGN (0x4)
                [!provide]                        PROVIDE (__dtcm_lma = LOADADDR (.dtcm))
                0x02ff0000                        PROVIDE (__dtcm_start = ADDR (.dtcm))
                0x02ff0000                        PROVIDE (__dtcm_end = (ADDR (.dtcm) + SIZEOF (.dtcm)))

.dtcm.bss       0x02ff0000       0x98 load address 0x020053f4
 *(.sbss .sbss.*)
 *.32.o(.dynbss)
 *.32.o(.bss .bss.* .gnu.linkonce.b.*)
 .bss.__irq_table
                0x02ff0000       0x80 C:/devkitPro/calico/lib\libcalico_ds9.a(thread_hot.32.o)
                0x02ff0000                __irq_table
 .bss.__sched_state
                0x02ff0080       0x18 C:/devkitPro/calico/lib\libcalico_ds9.a(thread_hot.32.o)
                0x02ff0080                __sched_state
 *.32.o(COMMON)
                0x02ff0098                        . = ALIGN (0x4)
                [!provide]                        PROVIDE (__dtcm_bss_start = ADDR (.dtcm.bss))
                0x02ff0098                        PROVIDE (__dtcm_bss_end = (ADDR (.dtcm.bss) + SIZEOF (.dtcm.bss)))

.main           0x020013c0    0x10ca8 load address 0x020053f4
 *(SORT_NONE(.init))
 .init          0x020013c0        0xc C:/devkitPro/devkitARM/bin/../lib/gcc/arm-none-eabi/15.1.0/crti.o
                0x020013c0                _init
 .init          0x020013cc        0xc C:/devkitPro/devkitARM/bin/../lib/gcc/arm-none-eabi/15.1.0/crtn.o
 EXCLUDE_FILE(*.twl.*) *(.text.unlikely .text.*_unlikely .text.unlikely.*)
 EXCLUDE_FILE(*.twl.*) *(.text.exit .text.exit.*)
 .text.exit     0x020013d8       0x30 C:/devkitPro/devkitARM/bin/../lib/gcc/arm-none-eabi/15.1.0/../../../../arm-none-eabi/lib\libg.a(libc_a-exit.o)
                0x020013d8                exit
 EXCLUDE_FILE(*.twl.*) *(.text.startup .text.startup.*)
 .text.startup.main
                0x02001408      0x11c main.o
                0x02001408                main
 EXCLUDE_FILE(*.twl.*) *(.text.hot .text.hot.*)
 EXCLUDE_FILE(*.twl.*) *(.text .iplt .stub .text.* .gnu.linkonce.t.*)
 .text.__do_global_dtors_aux
                0x02001524       0x54 C:/devkitPro/devkitARM/bin/../lib/gcc/arm-none-eabi/15.1.0/crtbegin.o
 .text.frame_dummy
                0x02001578       0x30 C:/devkitPro/devkitARM/bin/../lib/gcc/arm-none-eabi/15.1.0/crtbegin.o
 .iplt          0x020015a8        0x0 C:/devkitPro/devkitARM/bin/../lib/gcc/arm-none-eabi/15.1.0/crtbegin.o
 .text.newRow   0x020015a8       0xe0 C:/devkitPro/libnds/lib\libnds9.a(console.o)
 .text.consoleSelect
                0x02001688       0x10 C:/devkitPro/libnds/lib\libnds9.a(console.o)
                0x02001688                consoleSelect
 .text.consolePrintChar
                0x02001698       0xe0 C:/devkitPro/libnds/lib\libnds9.a(console.o)
                0x02001698                consolePrintChar
 .text.con_write
                0x02001778      0x344 C:/devkitPro/libnds/lib\libnds9.a(console.o)
                0x02001778                con_write
 .text.consoleLoadFont
                0x02001abc      0x2e8 C:/devkitPro/libnds/lib\libnds9.a(console.o)
                0x02001abc                consoleLoadFont
 .text.consoleInit
                0x02001da4      0x170 C:/devkitPro/libnds/lib\libnds9.a(console.o)
                0x02001da4                consoleInit
 .text.scanKeys
                0x02001f14       0x6c C:/devkitPro/libnds/lib\libnds9.a(keys.o)
                0x02001f14                scanKeys
 .text.keysDown
                0x02001f80       0x10 C:/devkitPro/libnds/lib\libnds9.a(keys.o)
                0x02001f80                keysDown
 .text.checkIfText
                0x02001f90       0x6c C:/devkitPro/libnds/lib\libnds9.a(background.o)
                0x02001f90                checkIfText
 .text.bgUpdate
                0x02001ffc       0xe8 C:/devkitPro/libnds/lib\libnds9.a(background.o)
                0x02001ffc                bgUpdate
 .text.bgInit_call
                0x020020e4       0xa8 C:/devkitPro/libnds/lib\libnds9.a(background.o)
                0x020020e4                bgInit_call
 .text.bgInitSub_call
                0x0200218c       0xb0 C:/devkitPro/libnds/lib\libnds9.a(background.o)
                0x0200218c                bgInitSub_call
 .text.sinLutLookup
                0x0200223c       0x4c C:/devkitPro/libnds/lib\libnds9.a(trig.o)
                0x0200223c                sinLutLookup
 .text.sinLerp  0x02002288       0x38 C:/devkitPro/libnds/lib\libnds9.a(trig.o)
                0x02002288                sinLerp
 .text.cosLerp  0x020022c0       0x44 C:/devkitPro/libnds/lib\libnds9.a(trig.o)
                0x020022c0                cosLerp
 .text.threadExit
                0x02002304       0x9c C:/devkitPro/calico/lib\libcalico_ds9.a(thread_cold.o)
                0x02002304                threadExit
 .text._threadTickTask
                0x020023a0       0x10 C:/devkitPro/calico/lib\libcalico_ds9.a(thread_cold.o)
 .text._threadInit
                0x020023b0       0x98 C:/devkitPro/calico/lib\libcalico_ds9.a(thread_cold.o)
                0x020023b0                _threadInit
 .text.threadPrepare
                0x02002448       0xa4 C:/devkitPro/calico/lib\libcalico_ds9.a(thread_cold.o)
                0x02002448                threadPrepare
 .text.threadStart
                0x020024ec       0xc8 C:/devkitPro/calico/lib\libcalico_ds9.a(thread_cold.o)
                0x020024ec                threadStart
 .text.threadIrqWait
                0x020025b4       0xa0 C:/devkitPro/calico/lib\libcalico_ds9.a(thread_cold.o)
                0x020025b4                threadIrqWait
 .text.threadSleepTicks
                0x02002654       0x58 C:/devkitPro/calico/lib\libcalico_ds9.a(thread_cold.o)
                0x02002654                threadSleepTicks
 .text.keypadGetState
                0x020026ac       0x28 C:/devkitPro/calico/lib\libcalico_ds9.a(keypad.o)
                0x020026ac                keypadGetState
 .text._pmCallEventHandlers
                0x020026d4       0x40 C:/devkitPro/calico/lib\libcalico_ds9.a(pm.o)
 .text._pmPxiThreadMain
                0x02002714       0xa0 C:/devkitPro/calico/lib\libcalico_ds9.a(pm.o)
 .text._pmResetPxiHandler
                0x020027b4       0x28 C:/devkitPro/calico/lib\libcalico_ds9.a(pm.o)
 .text.systemUserExit
                0x020027dc        0x4 C:/devkitPro/calico/lib\libcalico_ds9.a(pm.o)
                0x020027dc                systemUserExit
 .text.systemErrorExit
                0x020027e0        0x4 C:/devkitPro/calico/lib\libcalico_ds9.a(pm.o)
                0x020027e0                systemErrorExit
 .text.__syscall_exit
                0x020027e4      0x138 C:/devkitPro/calico/lib\libcalico_ds9.a(pm.o)
                0x020027e4                __syscall_exit
 .text.pmInit   0x0200291c       0x58 C:/devkitPro/calico/lib\libcalico_ds9.a(pm.o)
                0x0200291c                pmInit
 .text.pmEnterSleep
                0x02002974       0xcc C:/devkitPro/calico/lib\libcalico_ds9.a(pm.o)
                0x02002974                pmEnterSleep
 .text.pmMainLoop
                0x02002a40       0x74 C:/devkitPro/calico/lib\libcalico_ds9.a(pm.o)
                0x02002a40                pmMainLoop
 .text.touchRead
                0x02002ab4       0x58 C:/devkitPro/calico/lib\libcalico_ds9.a(touch.o)
                0x02002ab4                touchRead
 .text._tickCountIsr
                0x02002b0c       0x1c C:/devkitPro/calico/lib\libcalico_ds9.a(tick.o)
 .text._tickTaskSchedule.part.0.isra.0
                0x02002b28       0x84 C:/devkitPro/calico/lib\libcalico_ds9.a(tick.o)
 .text.tickInit
                0x02002bac       0xa0 C:/devkitPro/calico/lib\libcalico_ds9.a(tick.o)
                0x02002bac                tickInit
 .text.tickGetCount
                0x02002c4c       0x5c C:/devkitPro/calico/lib\libcalico_ds9.a(tick.o)
                0x02002c4c                tickGetCount
 .text._tickTaskIsr
                0x02002ca8      0x110 C:/devkitPro/calico/lib\libcalico_ds9.a(tick.o)
 .text.tickTaskStart
                0x02002db8      0x144 C:/devkitPro/calico/lib\libcalico_ds9.a(tick.o)
                0x02002db8                tickTaskStart
 .text.mailboxTrySend
                0x02002efc       0x98 C:/devkitPro/calico/lib\libcalico_ds9.a(mailbox.o)
                0x02002efc                mailboxTrySend
 .text.mailboxRecv
                0x02002f94       0x98 C:/devkitPro/calico/lib\libcalico_ds9.a(mailbox.o)
                0x02002f94                mailboxRecv
 .text.__syscall_getreent
                0x0200302c       0x14 C:/devkitPro/calico/lib\libcalico_ds9.a(newlib_syscalls.o)
                0x0200302c                __syscall_getreent
 .text.__errno  0x02003040       0x24 C:/devkitPro/calico/lib\libcalico_ds9.a(newlib_syscalls.o)
                0x02003040                __errno
 .text.__syscall_lock_acquire
                0x02003064        0x4 C:/devkitPro/calico/lib\libcalico_ds9.a(newlib_syscalls.o)
                0x02003064                __syscall_lock_acquire
 .text.__syscall_lock_release
                0x02003068        0x4 C:/devkitPro/calico/lib\libcalico_ds9.a(newlib_syscalls.o)
                0x02003068                __syscall_lock_release
 .text.__syscall_lock_acquire_recursive
                0x0200306c       0x4c C:/devkitPro/calico/lib\libcalico_ds9.a(newlib_syscalls.o)
                0x0200306c                __syscall_lock_acquire_recursive
 .text.__syscall_lock_release_recursive
                0x020030b8       0x18 C:/devkitPro/calico/lib\libcalico_ds9.a(newlib_syscalls.o)
                0x020030b8                __syscall_lock_release_recursive
 .text._pxiMailboxHandler
                0x020030d0        0x4 C:/devkitPro/calico/lib\libcalico_ds9.a(pxi.o)
 .text._pxiRecvUnhandled
                0x020030d4        0x4 C:/devkitPro/calico/lib\libcalico_ds9.a(pxi.o)
                0x020030d4                _pxiRecvUnhandled
 .text._pxiRecvIrqHandler
                0x020030d8      0x154 C:/devkitPro/calico/lib\libcalico_ds9.a(pxi.o)
 .text._pxiInit
                0x0200322c       0x58 C:/devkitPro/calico/lib\libcalico_ds9.a(pxi.o)
                0x0200322c                _pxiInit
 .text.pxiSetHandler
                0x02003284       0x74 C:/devkitPro/calico/lib\libcalico_ds9.a(pxi.o)
                0x02003284                pxiSetHandler
 .text.pxiSetMailbox
                0x020032f8       0x68 C:/devkitPro/calico/lib\libcalico_ds9.a(pxi.o)
                0x020032f8                pxiSetMailbox
 .text.pxiWaitRemote
                0x02003360       0x38 C:/devkitPro/calico/lib\libcalico_ds9.a(pxi.o)
                0x02003360                pxiWaitRemote
 .text.pxiSendPacket
                0x02003398       0x50 C:/devkitPro/calico/lib\libcalico_ds9.a(pxi.o)
                0x02003398                pxiSendPacket
 .text.systemUserStartup
                0x020033e8        0x4 C:/devkitPro/calico/lib\libcalico_ds9.a(sys_startup.o)
                0x020033e8                systemUserStartup
 .text.systemStartup
                0x020033ec      0x104 C:/devkitPro/calico/lib\libcalico_ds9.a(sys_startup.o)
                0x020033ec                systemStartup
 .text.irqSet   0x020034f0       0x64 C:/devkitPro/calico/lib\libcalico_ds9.a(irq.o)
                0x020034f0                irqSet
 .text.threadUpdateDynamicPrio
                0x02003554      0x1cc C:/devkitPro/calico/lib\libcalico_ds9.a(mutex.o)
 .text.threadRemoveWaiter
                0x02003720      0x1c8 C:/devkitPro/calico/lib\libcalico_ds9.a(mutex.o)
 .text.mutexLock
                0x020038e8      0x150 C:/devkitPro/calico/lib\libcalico_ds9.a(mutex.o)
                0x020038e8                mutexLock
 .text.mutexUnlock
                0x02003a38       0xd0 C:/devkitPro/calico/lib\libcalico_ds9.a(mutex.o)
                0x02003a38                mutexUnlock
 .text          0x02003b08      0x148 C:/devkitPro/devkitARM/bin/../lib/gcc/arm-none-eabi/15.1.0\libgcc.a(_divsi3.o)
                0x02003b08                __divsi3
                0x02003b08                __aeabi_idiv
                0x02003c30                __aeabi_idivmod
 .text          0x02003c50        0x4 C:/devkitPro/devkitARM/bin/../lib/gcc/arm-none-eabi/15.1.0\libgcc.a(_dvmd_tls.o)
                0x02003c50                __aeabi_idiv0
                0x02003c50                __aeabi_ldiv0
 .text          0x02003c54       0x3c C:/devkitPro/devkitARM/bin/../lib/gcc/arm-none-eabi/15.1.0\libgcc.a(_aeabi_uldivmod.o)
                0x02003c54                __aeabi_uldivmod
 .text.__udivmoddi4
                0x02003c90      0x140 C:/devkitPro/devkitARM/bin/../lib/gcc/arm-none-eabi/15.1.0\libgcc.a(_udivmoddi4.o)
                0x02003c90                __udivmoddi4
 .text          0x02003dd0       0x28 C:/devkitPro/devkitARM/bin/../lib/gcc/arm-none-eabi/15.1.0\libgcc.a(_clzdi2.o)
                0x02003dd0                __clzdi2
 .text          0x02003df8       0x48 C:/devkitPro/devkitARM/bin/../lib/gcc/arm-none-eabi/15.1.0\libgcc.a(_clzsi2.o)
                0x02003df8                __clzsi2
 .text.__libc_init_array
                0x02003e40       0x90 C:/devkitPro/devkitARM/bin/../lib/gcc/arm-none-eabi/15.1.0/../../../../arm-none-eabi/lib\libg.a(libc_a-init.o)
                0x02003e40                __libc_init_array
 .text.siscanf  0x02003ed0       0x78 C:/devkitPro/devkitARM/bin/../lib/gcc/arm-none-eabi/15.1.0/../../../../arm-none-eabi/lib\libg.a(libc_a-siscanf.o)
                0x02003ed0                siscanf
 .text._malloc_r
                0x02003f48      0x804 C:/devkitPro/devkitARM/bin/../lib/gcc/arm-none-eabi/15.1.0/../../../../arm-none-eabi/lib\libg.a(libc_a-mallocr.o)
                0x02003f48                _malloc_r
 .text._malloc_trim_r
                0x0200474c      0x11c C:/devkitPro/devkitARM/bin/../lib/gcc/arm-none-eabi/15.1.0/../../../../arm-none-eabi/lib\libg.a(libc_a-freer.o)
                0x0200474c                _malloc_trim_r
 .text._free_r  0x02004868      0x2fc C:/devkitPro/devkitARM/bin/../lib/gcc/arm-none-eabi/15.1.0/../../../../arm-none-eabi/lib\libg.a(libc_a-freer.o)
                0x02004868                _free_r
 .text.memset   0x02004b64       0xf4 C:/devkitPro/devkitARM/bin/../lib/gcc/arm-none-eabi/15.1.0/../../../../arm-none-eabi/lib\libg.a(libc_a-memset.o)
                0x02004b64                memset
 .text.__malloc_lock
                0x02004c58       0x18 C:/devkitPro/devkitARM/bin/../lib/gcc/arm-none-eabi/15.1.0/../../../../arm-none-eabi/lib\libg.a(libc_a-mlock.o)
                0x02004c58                __malloc_lock
 .text.__malloc_unlock
                0x02004c70       0x18 C:/devkitPro/devkitARM/bin/../lib/gcc/arm-none-eabi/15.1.0/../../../../arm-none-eabi/lib\libg.a(libc_a-mlock.o)
                0x02004c70                __malloc_unlock
 .text.__call_exitprocs
                0x02004c88       0x10 C:/devkitPro/devkitARM/bin/../lib/gcc/arm-none-eabi/15.1.0/../../../../arm-none-eabi/lib\libg.a(libc_a-exit.o)
                0x02004c88                __call_exitprocs
 .text.setvbuf  0x02004c98      0x29c C:/devkitPro/devkitARM/bin/../lib/gcc/arm-none-eabi/15.1.0/../../../../arm-none-eabi/lib\libg.a(libc_a-setvbuf.o)
                0x02004c98                setvbuf
 .text.memcpy   0x02004f34      0x130 C:/devkitPro/devkitARM/bin/../lib/gcc/arm-none-eabi/15.1.0/../../../../arm-none-eabi/lib\libg.a(libc_a-memcpy-stub.o)
                0x02004f34                memcpy
 .text.iprintf  0x02005064       0x34 C:/devkitPro/devkitARM/bin/../lib/gcc/arm-none-eabi/15.1.0/../../../../arm-none-eabi/lib\libg.a(libc_a-iprintf.o)
                0x02005064                iprintf
 .text.__sread  0x02005098       0x4c C:/devkitPro/devkitARM/bin/../lib/gcc/arm-none-eabi/15.1.0/../../../../arm-none-eabi/lib\libg.a(libc_a-stdio.o)
                0x02005098                __sread
 .text.__seofread
                0x020050e4        0x8 C:/devkitPro/devkitARM/bin/../lib/gcc/arm-none-eabi/15.1.0/../../../../arm-none-eabi/lib\libg.a(libc_a-stdio.o)
                0x020050e4                __seofread
 .text.__swrite
                0x020050ec       0x6c C:/devkitPro/devkitARM/bin/../lib/gcc/arm-none-eabi/15.1.0/../../../../arm-none-eabi/lib\libg.a(libc_a-stdio.o)
                0x020050ec                __swrite
 .text.__sseek  0x02005158       0x48 C:/devkitPro/devkitARM/bin/../lib/gcc/arm-none-eabi/15.1.0/../../../../arm-none-eabi/lib\libg.a(libc_a-stdio.o)
                0x02005158                __sseek
 .text.__sclose
                0x020051a0       0x14 C:/devkitPro/devkitARM/bin/../lib/gcc/arm-none-eabi/15.1.0/../../../../arm-none-eabi/lib\libg.a(libc_a-stdio.o)
                0x020051a0                __sclose
 .text.get_arg  0x020051b4      0x5fc C:/devkitPro/devkitARM/bin/../lib/gcc/arm-none-eabi/15.1.0/../../../../arm-none-eabi/lib\libg.a(libc_a-vfiprintf.o)
 .text._vfiprintf_r
                0x020057b0     0x2344 C:/devkitPro/devkitARM/bin/../lib/gcc/arm-none-eabi/15.1.0/../../../../arm-none-eabi/lib\libg.a(libc_a-vfiprintf.o)
                0x020057b0                _vfiprintf_r
 .text.__sbprintf
                0x02007af4       0xb8 C:/devkitPro/devkitARM/bin/../lib/gcc/arm-none-eabi/15.1.0/../../../../arm-none-eabi/lib\libg.a(libc_a-vfiprintf.o)
 .text.strlen   0x02007bac       0x90 C:/devkitPro/devkitARM/bin/../lib/gcc/arm-none-eabi/15.1.0/../../../../arm-none-eabi/lib\libg.a(libc_a-strlen.o)
                0x02007bac                strlen
 .text.get_arg  0x02007c3c       0x54 C:/devkitPro/devkitARM/bin/../lib/gcc/arm-none-eabi/15.1.0/../../../../arm-none-eabi/lib\libg.a(libc_a-svfiscanf.o)
 .text._sungetc_r
                0x02007c90       0xe8 C:/devkitPro/devkitARM/bin/../lib/gcc/arm-none-eabi/15.1.0/../../../../arm-none-eabi/lib\libg.a(libc_a-svfiscanf.o)
                0x02007c90                _sungetc_r
 .text.__ssrefill_r
                0x02007d78       0x68 C:/devkitPro/devkitARM/bin/../lib/gcc/arm-none-eabi/15.1.0/../../../../arm-none-eabi/lib\libg.a(libc_a-svfiscanf.o)
                0x02007d78                __ssrefill_r
 .text._sfread_r
                0x02007de0       0xb8 C:/devkitPro/devkitARM/bin/../lib/gcc/arm-none-eabi/15.1.0/../../../../arm-none-eabi/lib\libg.a(libc_a-svfiscanf.o)
                0x02007de0                _sfread_r
 .text.__ssvfiscanf_r
                0x02007e98     0x22d4 C:/devkitPro/devkitARM/bin/../lib/gcc/arm-none-eabi/15.1.0/../../../../arm-none-eabi/lib\libg.a(libc_a-svfiscanf.o)
                0x02007e98                __ssvfiscanf_r
 .text.stdio_exit_handler
                0x0200a16c       0x28 C:/devkitPro/devkitARM/bin/../lib/gcc/arm-none-eabi/15.1.0/../../../../arm-none-eabi/lib\libg.a(libc_a-findfp.o)
 .text.cleanup_stdio
                0x0200a194       0x54 C:/devkitPro/devkitARM/bin/../lib/gcc/arm-none-eabi/15.1.0/../../../../arm-none-eabi/lib\libg.a(libc_a-findfp.o)
 .text.global_stdio_init.part.0
                0x0200a1e8      0x158 C:/devkitPro/devkitARM/bin/../lib/gcc/arm-none-eabi/15.1.0/../../../../arm-none-eabi/lib\libg.a(libc_a-findfp.o)
 .text.__sinit  0x0200a340       0x64 C:/devkitPro/devkitARM/bin/../lib/gcc/arm-none-eabi/15.1.0/../../../../arm-none-eabi/lib\libg.a(libc_a-findfp.o)
                0x0200a340                __sinit
 .text.__sfp_lock_acquire
                0x0200a3a4       0x18 C:/devkitPro/devkitARM/bin/../lib/gcc/arm-none-eabi/15.1.0/../../../../arm-none-eabi/lib\libg.a(libc_a-findfp.o)
                0x0200a3a4                __sfp_lock_acquire
 .text.__sfp_lock_release
                0x0200a3bc       0x18 C:/devkitPro/devkitARM/bin/../lib/gcc/arm-none-eabi/15.1.0/../../../../arm-none-eabi/lib\libg.a(libc_a-findfp.o)
                0x0200a3bc                __sfp_lock_release
 .text._strtoul_l.isra.0
                0x0200a3d4      0x1f0 C:/devkitPro/devkitARM/bin/../lib/gcc/arm-none-eabi/15.1.0/../../../../arm-none-eabi/lib\libg.a(libc_a-strtoul.o)
 .text._strtoul_r
                0x0200a5c4       0x38 C:/devkitPro/devkitARM/bin/../lib/gcc/arm-none-eabi/15.1.0/../../../../arm-none-eabi/lib\libg.a(libc_a-strtoul.o)
                0x0200a5c4                _strtoul_r
 .text._fwalk_sglue
                0x0200a5fc       0x78 C:/devkitPro/devkitARM/bin/../lib/gcc/arm-none-eabi/15.1.0/../../../../arm-none-eabi/lib\libg.a(libc_a-fwalk.o)
                0x0200a5fc                _fwalk_sglue
 .text.__sprint_r
                0x0200a674       0x34 C:/devkitPro/devkitARM/bin/../lib/gcc/arm-none-eabi/15.1.0/../../../../arm-none-eabi/lib\libg.a(libc_a-sprint_r.o)
                0x0200a674                __sprint_r
 .text.iswspace
                0x0200a6a8       0x14 C:/devkitPro/devkitARM/bin/../lib/gcc/arm-none-eabi/15.1.0/../../../../arm-none-eabi/lib\libg.a(libc_a-iswspace.o)
                0x0200a6a8                iswspace
 .text._localeconv_r
                0x0200a6bc       0x28 C:/devkitPro/devkitARM/bin/../lib/gcc/arm-none-eabi/15.1.0/../../../../arm-none-eabi/lib\libg.a(libc_a-localeconv.o)
                0x0200a6bc                _localeconv_r
 .text.realloc  0x0200a6e4       0x2c C:/devkitPro/devkitARM/bin/../lib/gcc/arm-none-eabi/15.1.0/../../../../arm-none-eabi/lib\libg.a(libc_a-realloc.o)
                0x0200a6e4                realloc
 .text.memchr   0x0200a710       0xf4 C:/devkitPro/devkitARM/bin/../lib/gcc/arm-none-eabi/15.1.0/../../../../arm-none-eabi/lib\libg.a(libc_a-memchr-stub.o)
                0x0200a710                memchr
 .text._wcrtomb_r
                0x0200a804       0xac C:/devkitPro/devkitARM/bin/../lib/gcc/arm-none-eabi/15.1.0/../../../../arm-none-eabi/lib\libg.a(libc_a-wcrtomb.o)
                0x0200a804                _wcrtomb_r
 .text._strtol_l.part.0
                0x0200a8b0      0x388 C:/devkitPro/devkitARM/bin/../lib/gcc/arm-none-eabi/15.1.0/../../../../arm-none-eabi/lib\libg.a(libc_a-strtol.o)
 .text._strtol_r
                0x0200ac38       0x70 C:/devkitPro/devkitARM/bin/../lib/gcc/arm-none-eabi/15.1.0/../../../../arm-none-eabi/lib\libg.a(libc_a-strtol.o)
                0x0200ac38                _strtol_r
 .text.__libc_fini_array
                0x0200aca8       0x44 C:/devkitPro/devkitARM/bin/../lib/gcc/arm-none-eabi/15.1.0/../../../../arm-none-eabi/lib\libg.a(libc_a-fini.o)
                0x0200aca8                __libc_fini_array
 .text.malloc   0x0200acec       0x48 C:/devkitPro/devkitARM/bin/../lib/gcc/arm-none-eabi/15.1.0/../../../../arm-none-eabi/lib\libg.a(libc_a-malloc.o)
                0x0200acec                malloc
 .text.free     0x0200ad34       0x24 C:/devkitPro/devkitARM/bin/../lib/gcc/arm-none-eabi/15.1.0/../../../../arm-none-eabi/lib\libg.a(libc_a-malloc.o)
                0x0200ad34                free
 .text.__sccl   0x0200ad58       0xe8 C:/devkitPro/devkitARM/bin/../lib/gcc/arm-none-eabi/15.1.0/../../../../arm-none-eabi/lib\libg.a(libc_a-sccl.o)
                0x0200ad58                __sccl
 .text.__sflush_r
                0x0200ae40      0x248 C:/devkitPro/devkitARM/bin/../lib/gcc/arm-none-eabi/15.1.0/../../../../arm-none-eabi/lib\libg.a(libc_a-fflush.o)
                0x0200ae40                __sflush_r
 .text._fflush_r
                0x0200b088       0xcc C:/devkitPro/devkitARM/bin/../lib/gcc/arm-none-eabi/15.1.0/../../../../arm-none-eabi/lib\libg.a(libc_a-fflush.o)
                0x0200b088                _fflush_r
 .text.__smakebuf_r
                0x0200b154      0x168 C:/devkitPro/devkitARM/bin/../lib/gcc/arm-none-eabi/15.1.0/../../../../arm-none-eabi/lib\libg.a(libc_a-makebuf.o)
                0x0200b154                __smakebuf_r
 .text.__swhatbuf_r
                0x0200b2bc       0x84 C:/devkitPro/devkitARM/bin/../lib/gcc/arm-none-eabi/15.1.0/../../../../arm-none-eabi/lib\libg.a(libc_a-makebuf.o)
                0x0200b2bc                __swhatbuf_r
 .text._realloc_r
                0x0200b340      0x51c C:/devkitPro/devkitARM/bin/../lib/gcc/arm-none-eabi/15.1.0/../../../../arm-none-eabi/lib\libg.a(libc_a-reallocr.o)
                0x0200b340                _realloc_r
 .text.strncpy  0x0200b85c       0xdc C:/devkitPro/devkitARM/bin/../lib/gcc/arm-none-eabi/15.1.0/../../../../arm-none-eabi/lib\libg.a(libc_a-strncpy.o)
                0x0200b85c                strncpy
 .text._strtoull_l.isra.0
                0x0200b938      0x268 C:/devkitPro/devkitARM/bin/../lib/gcc/arm-none-eabi/15.1.0/../../../../arm-none-eabi/lib\libg.a(libc_a-strtoull.o)
 .text._strtoull_r
                0x0200bba0       0x38 C:/devkitPro/devkitARM/bin/../lib/gcc/arm-none-eabi/15.1.0/../../../../arm-none-eabi/lib\libg.a(libc_a-strtoull.o)
                0x0200bba0                _strtoull_r
 .text._wcsrtombs_r
                0x0200bbd8       0x2c C:/devkitPro/devkitARM/bin/../lib/gcc/arm-none-eabi/15.1.0/../../../../arm-none-eabi/lib\libg.a(libc_a-wcsrtombs.o)
                0x0200bbd8                _wcsrtombs_r
 .text._mbrtowc_r
                0x0200bc04       0xd0 C:/devkitPro/devkitARM/bin/../lib/gcc/arm-none-eabi/15.1.0/../../../../arm-none-eabi/lib\libg.a(libc_a-mbrtowc.o)
                0x0200bc04                _mbrtowc_r
 .text.__swsetup_r
                0x0200bcd4      0x148 C:/devkitPro/devkitARM/bin/../lib/gcc/arm-none-eabi/15.1.0/../../../../arm-none-eabi/lib\libg.a(libc_a-wsetup.o)
                0x0200bcd4                __swsetup_r
 .text.__sfvwrite_r
                0x0200be1c      0x4b4 C:/devkitPro/devkitARM/bin/../lib/gcc/arm-none-eabi/15.1.0/../../../../arm-none-eabi/lib\libg.a(libc_a-fvwrite.o)
                0x0200be1c                __sfvwrite_r
 .text.memmove  0x0200c2d0      0x170 C:/devkitPro/devkitARM/bin/../lib/gcc/arm-none-eabi/15.1.0/../../../../arm-none-eabi/lib\libg.a(libc_a-memmove.o)
                0x0200c2d0                memmove
 .text.iswspace_l
                0x0200c440       0x40 C:/devkitPro/devkitARM/bin/../lib/gcc/arm-none-eabi/15.1.0/../../../../arm-none-eabi/lib\libg.a(libc_a-iswspace_l.o)
                0x0200c440                iswspace_l
 .text._fclose_r
                0x0200c480      0x14c C:/devkitPro/devkitARM/bin/../lib/gcc/arm-none-eabi/15.1.0/../../../../arm-none-eabi/lib\libg.a(libc_a-fclose.o)
                0x0200c480                _fclose_r
 .text._strtoll_l.isra.0
                0x0200c5cc      0x49c C:/devkitPro/devkitARM/bin/../lib/gcc/arm-none-eabi/15.1.0/../../../../arm-none-eabi/lib\libg.a(libc_a-strtoll.o)
 .text._strtoll_r
                0x0200ca68       0x38 C:/devkitPro/devkitARM/bin/../lib/gcc/arm-none-eabi/15.1.0/../../../../arm-none-eabi/lib\libg.a(libc_a-strtoll.o)
                0x0200ca68                _strtoll_r
 .text.__locale_mb_cur_max
                0x0200caa0       0x28 C:/devkitPro/devkitARM/bin/../lib/gcc/arm-none-eabi/15.1.0/../../../../arm-none-eabi/lib\libg.a(libc_a-locale.o)
                0x0200caa0                __locale_mb_cur_max
 .text.__submore
                0x0200cac8       0xbc C:/devkitPro/devkitARM/bin/../lib/gcc/arm-none-eabi/15.1.0/../../../../arm-none-eabi/lib\libg.a(libc_a-ungetc.o)
                0x0200cac8                __submore
 .text._memalign_r
                0x0200cb84      0x188 C:/devkitPro/devkitARM/bin/../lib/gcc/arm-none-eabi/15.1.0/../../../../arm-none-eabi/lib\libg.a(libc_a-malignr.o)
                0x0200cb84                _memalign_r
 .text._wcsnrtombs_l
                0x0200cd0c      0x16c C:/devkitPro/devkitARM/bin/../lib/gcc/arm-none-eabi/15.1.0/../../../../arm-none-eabi/lib\libg.a(libc_a-wcsnrtombs.o)
                0x0200cd0c                _wcsnrtombs_l
 .text._wcsnrtombs_r
                0x0200ce78       0x68 C:/devkitPro/devkitARM/bin/../lib/gcc/arm-none-eabi/15.1.0/../../../../arm-none-eabi/lib\libg.a(libc_a-wcsnrtombs.o)
                0x0200ce78                _wcsnrtombs_r
 .text.__utf8_mbtowc
                0x0200cee0      0x344 C:/devkitPro/devkitARM/bin/../lib/gcc/arm-none-eabi/15.1.0/../../../../arm-none-eabi/lib\libg.a(libc_a-mbtowc_r.o)
                0x0200cee0                __utf8_mbtowc
 .text.category
                0x0200d224       0x98 C:/devkitPro/devkitARM/bin/../lib/gcc/arm-none-eabi/15.1.0/../../../../arm-none-eabi/lib\libg.a(libc_a-categories.o)
                0x0200d224                category
 .text.__utf8_wctomb
                0x0200d2bc       0xf8 C:/devkitPro/devkitARM/bin/../lib/gcc/arm-none-eabi/15.1.0/../../../../arm-none-eabi/lib\libg.a(libc_a-wctomb_r.o)
                0x0200d2bc                __utf8_wctomb
 .text._exit    0x0200d3b4       0x20 C:/devkitPro/devkitARM/bin/../lib/gcc/arm-none-eabi/15.1.0/../../../../arm-none-eabi/lib\libsysbase.a(libsysbase_libsysbase_a-_exit.o)
                0x0200d3b4                _exit
 .text._fstat_r
                0x0200d3d4       0xa0 C:/devkitPro/devkitARM/bin/../lib/gcc/arm-none-eabi/15.1.0/../../../../arm-none-eabi/lib\libsysbase.a(libsysbase_libsysbase_a-fstat.o)
                0x0200d3d4                _fstat_r
 .text.__getreent
                0x0200d474       0x30 C:/devkitPro/devkitARM/bin/../lib/gcc/arm-none-eabi/15.1.0/../../../../arm-none-eabi/lib\libsysbase.a(libsysbase_libsysbase_a-getreent.o)
                0x0200d474                __getreent
 .text.__get_handle
                0x0200d4a4       0x5c C:/devkitPro/devkitARM/bin/../lib/gcc/arm-none-eabi/15.1.0/../../../../arm-none-eabi/lib\libsysbase.a(libsysbase_libsysbase_a-handle_manager.o)
                0x0200d4a4                __get_handle
 .text._close_r
                0x0200d500      0x118 C:/devkitPro/devkitARM/bin/../lib/gcc/arm-none-eabi/15.1.0/../../../../arm-none-eabi/lib\libsysbase.a(libsysbase_libsysbase_a-handle_manager.o)
                0x0200d500                _close_r
 .text.null_write
                0x0200d618        0x8 C:/devkitPro/devkitARM/bin/../lib/gcc/arm-none-eabi/15.1.0/../../../../arm-none-eabi/lib\libsysbase.a(libsysbase_libsysbase_a-iosupport.o)
 .text._isatty_r
                0x0200d620        0x8 C:/devkitPro/devkitARM/bin/../lib/gcc/arm-none-eabi/15.1.0/../../../../arm-none-eabi/lib\libsysbase.a(libsysbase_libsysbase_a-isatty.o)
                0x0200d620                _isatty_r
 .text._lseek_r
                0x0200d628       0x98 C:/devkitPro/devkitARM/bin/../lib/gcc/arm-none-eabi/15.1.0/../../../../arm-none-eabi/lib\libsysbase.a(libsysbase_libsysbase_a-lseek.o)
                0x0200d628                _lseek_r
 .text._read_r  0x0200d6c0       0x98 C:/devkitPro/devkitARM/bin/../lib/gcc/arm-none-eabi/15.1.0/../../../../arm-none-eabi/lib\libsysbase.a(libsysbase_libsysbase_a-read.o)
                0x0200d6c0                _read_r
 .text._sbrk_r  0x0200d758       0x78 C:/devkitPro/devkitARM/bin/../lib/gcc/arm-none-eabi/15.1.0/../../../../arm-none-eabi/lib\libsysbase.a(libsysbase_libsysbase_a-sbrk.o)
                0x0200d758                _sbrk_r
 .text.__libc_lock_acquire
                0x0200d7d0       0x20 C:/devkitPro/devkitARM/bin/../lib/gcc/arm-none-eabi/15.1.0/../../../../arm-none-eabi/lib\libsysbase.a(libsysbase_libsysbase_a-syscall_support.o)
                0x0200d7d0                __libc_lock_acquire
 .text.__libc_lock_release
                0x0200d7f0       0x20 C:/devkitPro/devkitARM/bin/../lib/gcc/arm-none-eabi/15.1.0/../../../../arm-none-eabi/lib\libsysbase.a(libsysbase_libsysbase_a-syscall_support.o)
                0x0200d7f0                __libc_lock_release
 .text.__libc_lock_acquire_recursive
                0x0200d810       0x20 C:/devkitPro/devkitARM/bin/../lib/gcc/arm-none-eabi/15.1.0/../../../../arm-none-eabi/lib\libsysbase.a(libsysbase_libsysbase_a-syscall_support.o)
                0x0200d810                __libc_lock_acquire_recursive
 .text.__libc_lock_release_recursive
                0x0200d830       0x20 C:/devkitPro/devkitARM/bin/../lib/gcc/arm-none-eabi/15.1.0/../../../../arm-none-eabi/lib\libsysbase.a(libsysbase_libsysbase_a-syscall_support.o)
                0x0200d830                __libc_lock_release_recursive
 .text._write_r
                0x0200d850       0x98 C:/devkitPro/devkitARM/bin/../lib/gcc/arm-none-eabi/15.1.0/../../../../arm-none-eabi/lib\libsysbase.a(libsysbase_libsysbase_a-write.o)
                0x0200d850                _write_r
 .text          0x0200d8e8      0x114 C:/devkitPro/devkitARM/bin/../lib/gcc/arm-none-eabi/15.1.0\libgcc.a(_udivsi3.o)
                0x0200d8e8                __aeabi_uidiv
                0x0200d8e8                __udivsi3
                0x0200d9dc                __aeabi_uidivmod
 EXCLUDE_FILE(*.twl.*) *(.glue_7t .glue_7 .vfp11_veneer .v4_bx)
 .glue_7        0x0200d9fc        0x0 linker stubs
 .glue_7t       0x0200d9fc        0x0 linker stubs
 .vfp11_veneer  0x0200d9fc        0x0 linker stubs
 .v4_bx         0x0200d9fc        0x0 linker stubs
 *(SORT_NONE(.fini))
 .fini          0x0200d9fc        0xc C:/devkitPro/devkitARM/bin/../lib/gcc/arm-none-eabi/15.1.0/crti.o
                0x0200d9fc                _fini
 .fini          0x0200da08        0xc C:/devkitPro/devkitARM/bin/../lib/gcc/arm-none-eabi/15.1.0/crtn.o
 EXCLUDE_FILE(*.twl.*) *(.rodata .rodata.* .gnu.linkonce.r.*)
 .rodata.main.str1.4
                0x0200da14       0xec main.o
                                 0x56 (size before relaxing)
 .rodata.con_write.str1.4
                0x0200db00       0x30 C:/devkitPro/libnds/lib\libnds9.a(console.o)
 .rodata.con_write
                0x0200db00       0xd4 C:/devkitPro/libnds/lib\libnds9.a(console.o)
 .rodata.str1.4
                0x0200dbd4       0x14 C:/devkitPro/libnds/lib\libnds9.a(console.o)
 .rodata.dotab_stdout
                0x0200dbd4       0x80 C:/devkitPro/libnds/lib\libnds9.a(console.o)
 .rodata.default_font_bin
                0x0200dc54      0x800 C:/devkitPro/libnds/lib\libnds9.a(default_font.bin.o)
                0x0200dc54                default_font_bin
                0x0200e454                default_font_bin_end
 .rodata.SIN_LUT
                0x0200e454      0x102 C:/devkitPro/libnds/lib\libnds9.a(trig.o)
                0x0200e454                SIN_LUT
 .rodata.get_arg
                0x0200e556       0x34 C:/devkitPro/devkitARM/bin/../lib/gcc/arm-none-eabi/15.1.0/../../../../arm-none-eabi/lib\libg.a(libc_a-vfiprintf.o)
 .rodata._vfiprintf_r.str1.1
                0x0200e58a       0x29 C:/devkitPro/devkitARM/bin/../lib/gcc/arm-none-eabi/15.1.0/../../../../arm-none-eabi/lib\libg.a(libc_a-vfiprintf.o)
 *fill*         0x0200e5b3        0x1 ff
 .rodata._vfiprintf_r
                0x0200e5b4       0xb6 C:/devkitPro/devkitARM/bin/../lib/gcc/arm-none-eabi/15.1.0/../../../../arm-none-eabi/lib\libg.a(libc_a-vfiprintf.o)
 *fill*         0x0200e66a        0x2 ff
 .rodata.zeroes.0
                0x0200e66c       0x10 C:/devkitPro/devkitARM/bin/../lib/gcc/arm-none-eabi/15.1.0/../../../../arm-none-eabi/lib\libg.a(libc_a-vfiprintf.o)
 .rodata.blanks.1
                0x0200e67c       0x10 C:/devkitPro/devkitARM/bin/../lib/gcc/arm-none-eabi/15.1.0/../../../../arm-none-eabi/lib\libg.a(libc_a-vfiprintf.o)
 .rodata.__ssvfiscanf_r
                0x0200e68c       0x7f C:/devkitPro/devkitARM/bin/../lib/gcc/arm-none-eabi/15.1.0/../../../../arm-none-eabi/lib\libg.a(libc_a-svfiscanf.o)
 *fill*         0x0200e70b        0x1 ff
 .rodata.basefix.0
                0x0200e70c       0x22 C:/devkitPro/devkitARM/bin/../lib/gcc/arm-none-eabi/15.1.0/../../../../arm-none-eabi/lib\libg.a(libc_a-svfiscanf.o)
 *fill*         0x0200e72e        0x2 ff
 .rodata._ctype_
                0x0200e730      0x101 C:/devkitPro/devkitARM/bin/../lib/gcc/arm-none-eabi/15.1.0/../../../../arm-none-eabi/lib\libg.a(libc_a-ctype_.o)
                0x0200e730                _ctype_
 *fill*         0x0200e831        0x3 ff
 .rodata.__action_table
                0x0200e834       0x6c C:/devkitPro/devkitARM/bin/../lib/gcc/arm-none-eabi/15.1.0/../../../../arm-none-eabi/lib\libg.a(libc_a-svfiprintf.o)
                0x0200e834                __action_table
 .rodata.__state_table
                0x0200e8a0       0x6c C:/devkitPro/devkitARM/bin/../lib/gcc/arm-none-eabi/15.1.0/../../../../arm-none-eabi/lib\libg.a(libc_a-svfiprintf.o)
                0x0200e8a0                __state_table
 .rodata.__chclass
                0x0200e90c      0x100 C:/devkitPro/devkitARM/bin/../lib/gcc/arm-none-eabi/15.1.0/../../../../arm-none-eabi/lib\libg.a(libc_a-svfiprintf.o)
                0x0200e90c                __chclass
 .rodata._mbrtowc_r.str1.4
                0x0200ea0c        0x1 C:/devkitPro/devkitARM/bin/../lib/gcc/arm-none-eabi/15.1.0/../../../../arm-none-eabi/lib\libg.a(libc_a-mbrtowc.o)
 .rodata.str1.4
                0x0200ea0c       0x4c C:/devkitPro/devkitARM/bin/../lib/gcc/arm-none-eabi/15.1.0/../../../../arm-none-eabi/lib\libg.a(libc_a-locale.o)
 .rodata.categories
                0x0200ea0c     0x35dc C:/devkitPro/devkitARM/bin/../lib/gcc/arm-none-eabi/15.1.0/../../../../arm-none-eabi/lib\libg.a(libc_a-categories.o)
 .rodata.AddDevice.str1.4
                0x02011fe8        0x8 C:/devkitPro/devkitARM/bin/../lib/gcc/arm-none-eabi/15.1.0/../../../../arm-none-eabi/lib\libsysbase.a(libsysbase_libsysbase_a-iosupport.o)
 .rodata.dotab_stdnull
                0x02011fe8       0x80 C:/devkitPro/devkitARM/bin/../lib/gcc/arm-none-eabi/15.1.0/../../../../arm-none-eabi/lib\libsysbase.a(libsysbase_libsysbase_a-iosupport.o)
                0x02011fe8                dotab_stdnull
 EXCLUDE_FILE(*.twl.*) *(.rodata1)
                0x02012068                        . = ALIGN (0x4)

.main.rw        0x02012068     0x1848 load address 0x0201609c
 EXCLUDE_FILE(*.twl.*) *(.data .data.* .gnu.linkonce.d.*)
 .data.firstConsoleInit.0
                0x02012068        0x1 C:/devkitPro/libnds/lib\libnds9.a(console.o)
 *fill*         0x02012069        0x3 ff
 .data.currentConsole
                0x0201206c        0x4 C:/devkitPro/libnds/lib\libnds9.a(console.o)
                0x0201206c                currentConsole
 .data.defaultConsole
                0x02012070       0x5c C:/devkitPro/libnds/lib\libnds9.a(console.o)
                0x02012070                defaultConsole
 .data.count    0x020120cc        0x1 C:/devkitPro/libnds/lib\libnds9.a(keys.o)
 .data.repeat   0x020120cd        0x1 C:/devkitPro/libnds/lib\libnds9.a(keys.o)
 .data.delay    0x020120ce        0x1 C:/devkitPro/libnds/lib\libnds9.a(keys.o)
 *fill*         0x020120cf        0x1 ff
 .data.bgTransform
                0x020120d0       0x20 C:/devkitPro/libnds/lib\libnds9.a(background.o)
                0x020120d0                bgTransform
 .data.bgScrollTable
                0x020120f0       0x20 C:/devkitPro/libnds/lib\libnds9.a(background.o)
                0x020120f0                bgScrollTable
 .data.bgControl
                0x02012110       0x20 C:/devkitPro/libnds/lib\libnds9.a(background.o)
                0x02012110                bgControl
 .data.__malloc_sbrk_base
                0x02012130        0x4 C:/devkitPro/devkitARM/bin/../lib/gcc/arm-none-eabi/15.1.0/../../../../arm-none-eabi/lib\libg.a(libc_a-mallocr.o)
                0x02012130                __malloc_sbrk_base
 .data.__malloc_trim_threshold
                0x02012134        0x4 C:/devkitPro/devkitARM/bin/../lib/gcc/arm-none-eabi/15.1.0/../../../../arm-none-eabi/lib\libg.a(libc_a-mallocr.o)
                0x02012134                __malloc_trim_threshold
 .data.__malloc_av_
                0x02012138      0x408 C:/devkitPro/devkitARM/bin/../lib/gcc/arm-none-eabi/15.1.0/../../../../arm-none-eabi/lib\libg.a(libc_a-mallocr.o)
                0x02012138                __malloc_av_
 .data.__sglue  0x02012540        0xc C:/devkitPro/devkitARM/bin/../lib/gcc/arm-none-eabi/15.1.0/../../../../arm-none-eabi/lib\libg.a(libc_a-findfp.o)
                0x02012540                __sglue
 .data._impure_ptr
                0x0201254c        0x4 C:/devkitPro/devkitARM/bin/../lib/gcc/arm-none-eabi/15.1.0/../../../../arm-none-eabi/lib\libg.a(libc_a-impure.o)
                0x0201254c                _impure_ptr
 .data._impure_data
                0x02012550      0x140 C:/devkitPro/devkitARM/bin/../lib/gcc/arm-none-eabi/15.1.0/../../../../arm-none-eabi/lib\libg.a(libc_a-impure.o)
                0x02012550                _impure_data
 .data.__global_locale
                0x02012690      0x16c C:/devkitPro/devkitARM/bin/../lib/gcc/arm-none-eabi/15.1.0/../../../../arm-none-eabi/lib\libg.a(libc_a-locale.o)
                0x02012690                __global_locale
 *fill*         0x020127fc        0x4 ff
 .data.handles  0x02012800     0x1000 C:/devkitPro/devkitARM/bin/../lib/gcc/arm-none-eabi/15.1.0/../../../../arm-none-eabi/lib\libsysbase.a(libsysbase_libsysbase_a-handle_manager.o)
 .data.__stderr_handle
                0x02013800        0xc C:/devkitPro/devkitARM/bin/../lib/gcc/arm-none-eabi/15.1.0/../../../../arm-none-eabi/lib\libsysbase.a(libsysbase_libsysbase_a-handle_manager.o)
 .data.__stdout_handle
                0x0201380c        0xc C:/devkitPro/devkitARM/bin/../lib/gcc/arm-none-eabi/15.1.0/../../../../arm-none-eabi/lib\libsysbase.a(libsysbase_libsysbase_a-handle_manager.o)
 .data.__stdin_handle
                0x02013818        0xc C:/devkitPro/devkitARM/bin/../lib/gcc/arm-none-eabi/15.1.0/../../../../arm-none-eabi/lib\libsysbase.a(libsysbase_libsysbase_a-handle_manager.o)
 .data.devoptab_list
                0x02013824       0x8c C:/devkitPro/devkitARM/bin/../lib/gcc/arm-none-eabi/15.1.0/../../../../arm-none-eabi/lib\libsysbase.a(libsysbase_libsysbase_a-iosupport.o)
                0x02013824                devoptab_list
 EXCLUDE_FILE(*.twl.*) *(.data1)
 EXCLUDE_FILE(*.twl.*) *(.igot.plt)
 .igot.plt      0x020138b0        0x0 C:/devkitPro/devkitARM/bin/../lib/gcc/arm-none-eabi/15.1.0/crtbegin.o
                0x020138b0                        . = ALIGN (0x4)

.ARM.extab
 *(.ARM.extab* .gnu.linkonce.armextab.*)

.ARM.exidx      0x020138b0        0x0 load address 0x020178e4
 *(.ARM.exidx* .gnu.linkonce.armexidx.*)
                [!provide]                        PROVIDE (__exidx_start = ADDR (.ARM.exidx))
                [!provide]                        PROVIDE (__exidx_end = (ADDR (.ARM.exidx) + SIZEOF (.ARM.exidx)))

.eh_frame_hdr
 *(.eh_frame_hdr)
 *(.eh_frame_entry .eh_frame_entry.*)

.eh_frame       0x020138b0        0x4 load address 0x020178e4
 *(.eh_frame)
 .eh_frame      0x020138b0        0x0 C:/devkitPro/devkitARM/bin/../lib/gcc/arm-none-eabi/15.1.0/crtbegin.o
 .eh_frame      0x020138b0        0x4 C:/devkitPro/devkitARM/bin/../lib/gcc/arm-none-eabi/15.1.0/crtend.o
 *(.eh_frame.*)

.gcc_except_table
 *(.gcc_except_table .gcc_except_table.*)

.gnu_extab
 *(.gnu_extab*)

.tinfo          0x020138b4        0xc load address 0x020178e8
                0x020138b4        0x4 LONG 0x20138c8 __tls_start
                0x020138b8        0x4 LONG 0x0 SIZEOF (.main.tls)
                0x020138bc        0x4 LONG 0x0 SIZEOF (.tdata)
                0x020138b4                        PROVIDE (__tls_info = ADDR (.tinfo))

.preinit_array  0x020138c0        0x0 load address 0x020178f4
                0x020138c0                        PROVIDE (__preinit_array_start = .)
 *(.preinit_array)
                0x020138c0                        PROVIDE (__preinit_array_end = .)

.init_array     0x020138c0        0x4 load address 0x020178f4
                0x020138c0                        PROVIDE (__init_array_start = .)
 *(SORT_BY_INIT_PRIORITY(.init_array.*) SORT_BY_INIT_PRIORITY(.ctors.*))
 *(.init_array .ctors)
 .init_array    0x020138c0        0x4 C:/devkitPro/devkitARM/bin/../lib/gcc/arm-none-eabi/15.1.0/crtbegin.o
                0x020138c4                        PROVIDE (__init_array_end = .)

.fini_array     0x020138c4        0x4 load address 0x020178f8
                0x020138c4                        PROVIDE (__fini_array_start = .)
 *(SORT_BY_INIT_PRIORITY(.fini_array.*) SORT_BY_INIT_PRIORITY(.dtors.*))
 *(.fini_array .dtors)
 .fini_array    0x020138c4        0x4 C:/devkitPro/devkitARM/bin/../lib/gcc/arm-none-eabi/15.1.0/crtbegin.o
                0x020138c8                        PROVIDE (__fini_array_end = .)
                [!provide]                        PROVIDE (__main_lma = LOADADDR (.main))
                0x020013c0                        PROVIDE (__main_start = ADDR (.main))
                0x020138c8                        PROVIDE (__main_end = (ADDR (.fini_array) + SIZEOF (.fini_array)))

.tdata          0x00000000        0x0 load address 0x020178fc
 *(.tdata .tdata.* .gnu.linkonce.td.*)
                0x00000000                        . = ALIGN (0x4)

.tbss           0x00000000        0x0 load address 0x020178fc
 *(.tbss .tbss.* .gnu.linkonce.tb.*)
 *(.tcommon)
                0x00000000                        . = ALIGN (0x4)
                0x00000001                        ASSERT (((ALIGNOF (.tdata) <= 0x8) || (ALIGNOF (.tbss) <= 0x8)), Error: TLS is overaligned (up to 8-byte alignment is supported))
                0x00000001                        ASSERT (((ADDR (.tbss) + SIZEOF (.tbss)) <= (ORIGIN (tls) + LENGTH (tls))), Error: TLS section too large)

.main.tls       0x020138c8        0x0
                0x020138c8                        . = (. + ((ADDR (.tbss) + SIZEOF (.tbss)) - ADDR (.tdata)))
                [!provide]                        PROVIDE (__tls_lma = LOADADDR (.tdata))
                0x020138c8                        PROVIDE (__tls_start = ADDR (.main.tls))
                0x020138c8                        PROVIDE (__tls_end = (ADDR (.main.tls) + SIZEOF (.tdata)))

.main.bss       0x020138c8      0x924
 EXCLUDE_FILE(*.twl.*) *(.dynbss)
 EXCLUDE_FILE(*.twl.*) *(.bss .bss.* .gnu.linkonce.b.*)
 .bss.completed.1
                0x020138c8        0x1 C:/devkitPro/devkitARM/bin/../lib/gcc/arm-none-eabi/15.1.0/crtbegin.o
 *fill*         0x020138c9        0x3 
 .bss.object.0  0x020138cc       0x18 C:/devkitPro/devkitARM/bin/../lib/gcc/arm-none-eabi/15.1.0/crtbegin.o
 .bss.currentCopy
                0x020138e4       0x5c C:/devkitPro/libnds/lib\libnds9.a(console.o)
                0x020138e4                currentCopy
 .bss.keysrepeat
                0x02013940        0x2 C:/devkitPro/libnds/lib\libnds9.a(keys.o)
 *fill*         0x02013942        0x2 
 .bss.s_keypad  0x02013944        0x4 C:/devkitPro/libnds/lib\libnds9.a(keys.o)
 .bss.bgIsTextLut
                0x02013948        0x8 C:/devkitPro/libnds/lib\libnds9.a(background.o)
                0x02013948                bgIsTextLut
 .bss.bgState   0x02013950      0x140 C:/devkitPro/libnds/lib\libnds9.a(background.o)
                0x02013950                bgState
 .bss.s_sleepThreads
                0x02013a90        0x8 C:/devkitPro/calico/lib\libcalico_ds9.a(thread_cold.o)
 .bss.s_joinThreads
                0x02013a98        0x8 C:/devkitPro/calico/lib\libcalico_ds9.a(thread_cold.o)
 .bss.s_idleThread
                0x02013aa0       0x70 C:/devkitPro/calico/lib\libcalico_ds9.a(thread_cold.o)
 .bss.s_mainThread
                0x02013b10       0x70 C:/devkitPro/calico/lib\libcalico_ds9.a(thread_cold.o)
 .bss.s_pmPxiThreadStack
                0x02013b80      0x200 C:/devkitPro/calico/lib\libcalico_ds9.a(pm.o)
 .bss.s_pmPxiThread
                0x02013d80       0x70 C:/devkitPro/calico/lib\libcalico_ds9.a(pm.o)
 .bss.s_pmState
                0x02013df0        0x8 C:/devkitPro/calico/lib\libcalico_ds9.a(pm.o)
 .bss.s_firstTask
                0x02013df8        0x4 C:/devkitPro/calico/lib\libcalico_ds9.a(tick.o)
 *fill*         0x02013dfc        0x4 
 .bss.s_highTickCount
                0x02013e00        0x8 C:/devkitPro/calico/lib\libcalico_ds9.a(tick.o)
 .bss.s_tickInit
                0x02013e08        0x1 C:/devkitPro/calico/lib\libcalico_ds9.a(tick.o)
 *fill*         0x02013e09        0x3 
 .bss.s_mailboxRecvQueue
                0x02013e0c        0x8 C:/devkitPro/calico/lib\libcalico_ds9.a(mailbox.o)
 .bss.s_defaultErrno.0
                0x02013e14        0x4 C:/devkitPro/calico/lib\libcalico_ds9.a(newlib_syscalls.o)
 .bss.__stacksize__
                0x02013e18        0x4 C:/devkitPro/calico/lib\libcalico_ds9.a(startup.crt0.o)
                0x02013e18                __stacksize__
 .bss.g_isTwlMode
                0x02013e1c        0x1 C:/devkitPro/calico/lib\libcalico_ds9.a(startup.crt0.o)
                0x02013e1c                g_isTwlMode
 *fill*         0x02013e1d        0x3 
 .bss.s_pxiChannels
                0x02013e20      0x1f0 C:/devkitPro/calico/lib\libcalico_ds9.a(pxi.o)
 .bss.s_pxiRecvState
                0x02014010        0x4 C:/devkitPro/calico/lib\libcalico_ds9.a(pxi.o)
 .bss.s_pxiRecvQueue
                0x02014014        0x8 C:/devkitPro/calico/lib\libcalico_ds9.a(pxi.o)
 .bss.s_pxiSendMutex
                0x0201401c        0x4 C:/devkitPro/calico/lib\libcalico_ds9.a(pxi.o)
 .bss.__malloc_current_mallinfo
                0x02014020       0x28 C:/devkitPro/devkitARM/bin/../lib/gcc/arm-none-eabi/15.1.0/../../../../arm-none-eabi/lib\libg.a(libc_a-mallocr.o)
                0x02014020                __malloc_current_mallinfo
 .bss.__malloc_max_total_mem
                0x02014048        0x4 C:/devkitPro/devkitARM/bin/../lib/gcc/arm-none-eabi/15.1.0/../../../../arm-none-eabi/lib\libg.a(libc_a-mallocr.o)
                0x02014048                __malloc_max_total_mem
 .bss.__malloc_max_sbrked_mem
                0x0201404c        0x4 C:/devkitPro/devkitARM/bin/../lib/gcc/arm-none-eabi/15.1.0/../../../../arm-none-eabi/lib\libg.a(libc_a-mallocr.o)
                0x0201404c                __malloc_max_sbrked_mem
 .bss.__malloc_top_pad
                0x02014050        0x4 C:/devkitPro/devkitARM/bin/../lib/gcc/arm-none-eabi/15.1.0/../../../../arm-none-eabi/lib\libg.a(libc_a-mallocr.o)
                0x02014050                __malloc_top_pad
 .bss.__malloc_recursive_mutex
                0x02014054        0xc C:/devkitPro/devkitARM/bin/../lib/gcc/arm-none-eabi/15.1.0/../../../../arm-none-eabi/lib\libg.a(libc_a-mlock.o)
 .bss.__sfp_recursive_mutex
                0x02014060        0xc C:/devkitPro/devkitARM/bin/../lib/gcc/arm-none-eabi/15.1.0/../../../../arm-none-eabi/lib\libg.a(libc_a-findfp.o)
 *fill*         0x0201406c        0x4 
 .bss.__sf      0x02014070      0x168 C:/devkitPro/devkitARM/bin/../lib/gcc/arm-none-eabi/15.1.0/../../../../arm-none-eabi/lib\libg.a(libc_a-findfp.o)
                0x02014070                __sf
 .bss.__stdio_exit_handler
                0x020141d8        0x4 C:/devkitPro/devkitARM/bin/../lib/gcc/arm-none-eabi/15.1.0/../../../../arm-none-eabi/lib\libg.a(libc_a-findfp.o)
                0x020141d8                __stdio_exit_handler
 .bss.__hndl_lock
                0x020141dc        0x4 C:/devkitPro/devkitARM/bin/../lib/gcc/arm-none-eabi/15.1.0/../../../../arm-none-eabi/lib\libsysbase.a(libsysbase_libsysbase_a-handle_manager.o)
 .bss.fake_heap_start
                0x020141e0        0x4 C:/devkitPro/devkitARM/bin/../lib/gcc/arm-none-eabi/15.1.0/../../../../arm-none-eabi/lib\libsysbase.a(libsysbase_libsysbase_a-malloc_vars.o)
                0x020141e0                fake_heap_start
 .bss.fake_heap_end
                0x020141e4        0x4 C:/devkitPro/devkitARM/bin/../lib/gcc/arm-none-eabi/15.1.0/../../../../arm-none-eabi/lib\libsysbase.a(libsysbase_libsysbase_a-malloc_vars.o)
                0x020141e4                fake_heap_end
 .bss.heap_start.0
                0x020141e8        0x4 C:/devkitPro/devkitARM/bin/../lib/gcc/arm-none-eabi/15.1.0/../../../../arm-none-eabi/lib\libsysbase.a(libsysbase_libsysbase_a-sbrk.o)
 EXCLUDE_FILE(*.twl.*) *(COMMON)
                0x020141ec                        . = ALIGN (0x4)
                [!provide]                        PROVIDE (__main_bss_start = ADDR (.main.bss))
                0x020141ec                        PROVIDE (__main_bss_end = (ADDR (.main.bss) + SIZEOF (.main.bss)))
                0x020141ec                        . = .
                0x020141ec                        PROVIDE (__heap_start_ntr = .)
                0x00000001                        ASSERT ((. <= 0x2380000), Error: DS-mode sections overflow DS ARM9 memory size (3.5 MB))

.twl            0x02014200        0x0 load address 0x02400000
 *(.twl .twl.*)
 *.twl.*(.text .stub .text.* .gnu.linkonce.t.*)
 *.twl.*(.glue_7t .glue_7 .vfp11_veneer .v4_bx)
 *.twl.*(.rodata .rodata.* .gnu.linkonce.r.*)
 *.twl.*(.rodata1)
                0x02014200                        . = ALIGN (0x4)

.twl.rw         0x02014200        0x0 load address 0x02400000
 *.twl.*(.data .data.* .gnu.linkonce.d.*)
 *.twl.*(.data1)
                0x02014200                        . = ALIGN (0x4)
                0x02400000                        PROVIDE (__twl_lma = LOADADDR (.twl))
                0x02014200                        PROVIDE (__twl_start = ADDR (.twl))
                0x02014200                        PROVIDE (__twl_end = (ADDR (.twl.rw) + SIZEOF (.twl.rw)))

.twl.bss        0x02014200        0x0 load address 0x02400000
 *(.twl_bss .twl_bss.*)
 *.twl.*(.dynbss)
 *.twl.*(.bss .bss.* .gnu.linkonce.b.*)
 *.twl.*(COMMON)
                0x02014200                        . = ALIGN (0x4)
                [!provide]                        PROVIDE (__twl_bss_start = ADDR (.twl.bss))
                0x02014200                        PROVIDE (__twl_bss_end = (ADDR (.twl.bss) + SIZEOF (.twl.bss)))
                0x02014200                        . = .
                0x02014200                        PROVIDE (__heap_start_twl = .)

.loadlist       0x0e000998       0x30 load address 0x020178fc
                0x0e000998        0x4 LONG 0x1ff8000 __itcm_start
                0x0e00099c        0x4 LONG 0x1ff869c __itcm_end
                0x0e0009a0        0x4 LONG 0x1ff869c __itcm_end
                0x0e0009a4        0x4 LONG 0x2ff0000 __dtcm_start
                0x0e0009a8        0x4 LONG 0x2ff0000 __dtcm_end
                0x0e0009ac        0x4 LONG 0x2ff0098 __dtcm_bss_end
                0x0e0009b0        0x4 LONG 0x20013c0 __main_start
                0x0e0009b4        0x4 LONG 0x20138c8 __main_end
                0x0e0009b8        0x4 LONG 0x20138c8 __main_end
                0x0e0009bc        0x4 LONG 0x20138c8 __tls_start
                0x0e0009c0        0x4 LONG 0x20138c8 __tls_end
                0x0e0009c4        0x4 LONG 0x20141ec __main_bss_end
                0x02004d58                        PROVIDE (__loadlist_lma = __itcm_lma)
                0x020178fc                        PROVIDE (__loadlist_start = LOADADDR (.loadlist))
                0x0201792c                        PROVIDE (__loadlist_end = (LOADADDR (.loadlist) + SIZEOF (.loadlist)))

.twl.loadlist   0x0e0009c8        0xc load address 0x02400000
                0x0e0009c8        0x4 LONG 0x2014200 __twl_start
                0x0e0009cc        0x4 LONG 0x2014200 __twl_end
                0x0e0009d0        0x4 LONG 0x2014200 __twl_bss_end
                0x02400000                        PROVIDE (__twl_loadlist_lma = __twl_lma)
                0x02400000                        PROVIDE (__twl_loadlist_start = LOADADDR (.twl.loadlist))
                0x0240000c                        PROVIDE (__twl_loadlist_end = (LOADADDR (.twl.loadlist) + SIZEOF (.twl.loadlist)))

.rel.dyn        0x0e0009d4        0x0 load address 0x0240000c
 .rel.iplt      0x0e0009d4        0x0 C:/devkitPro/devkitARM/bin/../lib/gcc/arm-none-eabi/15.1.0/crtbegin.o

.stab
 *(.stab)

.stabstr
 *(.stabstr)

.stab.excl
 *(.stab.excl)

.stab.exclstr
 *(.stab.exclstr)

.stab.index
 *(.stab.index)

.stab.indexstr
 *(.stab.indexstr)

.comment        0x00000000       0x23
 *(.comment)
 .comment       0x00000000       0x23 C:/devkitPro/devkitARM/bin/../lib/gcc/arm-none-eabi/15.1.0/crtbegin.o
                                 0x24 (size before relaxing)
 .comment       0x00000023       0x24 main.o
 .comment       0x00000023       0x24 C:/devkitPro/libnds/lib\libnds9.a(console.o)
 .comment       0x00000023       0x24 C:/devkitPro/libnds/lib\libnds9.a(keys.o)
 .comment       0x00000023       0x24 C:/devkitPro/libnds/lib\libnds9.a(background.o)
 .comment       0x00000023       0x24 C:/devkitPro/libnds/lib\libnds9.a(trig.o)
 .comment       0x00000023       0x24 C:/devkitPro/calico/lib\libcalico_ds9.a(thread_cold.o)
 .comment       0x00000023       0x24 C:/devkitPro/calico/lib\libcalico_ds9.a(thread_hot.32.o)
 .comment       0x00000023       0x24 C:/devkitPro/calico/lib\libcalico_ds9.a(arm-shims.32.o)
 .comment       0x00000023       0x24 C:/devkitPro/calico/lib\libcalico_ds9.a(keypad.o)
 .comment       0x00000023       0x24 C:/devkitPro/calico/lib\libcalico_ds9.a(pm.o)
 .comment       0x00000023       0x24 C:/devkitPro/calico/lib\libcalico_ds9.a(touch.o)
 .comment       0x00000023       0x24 C:/devkitPro/calico/lib\libcalico_ds9.a(tick.o)
 .comment       0x00000023       0x24 C:/devkitPro/calico/lib\libcalico_ds9.a(mailbox.o)
 .comment       0x00000023       0x24 C:/devkitPro/calico/lib\libcalico_ds9.a(newlib_syscalls.o)
 .comment       0x00000023       0x24 C:/devkitPro/calico/lib\libcalico_ds9.a(startup.crt0.o)
 .comment       0x00000023       0x24 C:/devkitPro/calico/lib\libcalico_ds9.a(pxi.o)
 .comment       0x00000023       0x24 C:/devkitPro/calico/lib\libcalico_ds9.a(sys_startup.o)
 .comment       0x00000023       0x24 C:/devkitPro/calico/lib\libcalico_ds9.a(irq.o)
 .comment       0x00000023       0x24 C:/devkitPro/calico/lib\libcalico_ds9.a(mutex.o)
 .comment       0x00000023       0x24 C:/devkitPro/devkitARM/bin/../lib/gcc/arm-none-eabi/15.1.0\libgcc.a(_udivmoddi4.o)
 .comment       0x00000023       0x24 C:/devkitPro/devkitARM/bin/../lib/gcc/arm-none-eabi/15.1.0/../../../../arm-none-eabi/lib\libg.a(libc_a-init.o)
 .comment       0x00000023       0x24 C:/devkitPro/devkitARM/bin/../lib/gcc/arm-none-eabi/15.1.0/../../../../arm-none-eabi/lib\libg.a(libc_a-siscanf.o)
 .comment       0x00000023       0x24 C:/devkitPro/devkitARM/bin/../lib/gcc/arm-none-eabi/15.1.0/../../../../arm-none-eabi/lib\libg.a(libc_a-mallocr.o)
 .comment       0x00000023       0x24 C:/devkitPro/devkitARM/bin/../lib/gcc/arm-none-eabi/15.1.0/../../../../arm-none-eabi/lib\libg.a(libc_a-freer.o)
 .comment       0x00000023       0x24 C:/devkitPro/devkitARM/bin/../lib/gcc/arm-none-eabi/15.1.0/../../../../arm-none-eabi/lib\libg.a(libc_a-memset.o)
 .comment       0x00000023       0x24 C:/devkitPro/devkitARM/bin/../lib/gcc/arm-none-eabi/15.1.0/../../../../arm-none-eabi/lib\libg.a(libc_a-mlock.o)
 .comment       0x00000023       0x24 C:/devkitPro/devkitARM/bin/../lib/gcc/arm-none-eabi/15.1.0/../../../../arm-none-eabi/lib\libg.a(libc_a-exit.o)
 .comment       0x00000023       0x24 C:/devkitPro/devkitARM/bin/../lib/gcc/arm-none-eabi/15.1.0/../../../../arm-none-eabi/lib\libg.a(libc_a-setvbuf.o)
 .comment       0x00000023       0x24 C:/devkitPro/devkitARM/bin/../lib/gcc/arm-none-eabi/15.1.0/../../../../arm-none-eabi/lib\libg.a(libc_a-memcpy-stub.o)
 .comment       0x00000023       0x24 C:/devkitPro/devkitARM/bin/../lib/gcc/arm-none-eabi/15.1.0/../../../../arm-none-eabi/lib\libg.a(libc_a-iprintf.o)
 .comment       0x00000023       0x24 C:/devkitPro/devkitARM/bin/../lib/gcc/arm-none-eabi/15.1.0/../../../../arm-none-eabi/lib\libg.a(libc_a-stdio.o)
 .comment       0x00000023       0x24 C:/devkitPro/devkitARM/bin/../lib/gcc/arm-none-eabi/15.1.0/../../../../arm-none-eabi/lib\libg.a(libc_a-vfiprintf.o)
 .comment       0x00000023       0x24 C:/devkitPro/devkitARM/bin/../lib/gcc/arm-none-eabi/15.1.0/../../../../arm-none-eabi/lib\libg.a(libc_a-strlen.o)
 .comment       0x00000023       0x24 C:/devkitPro/devkitARM/bin/../lib/gcc/arm-none-eabi/15.1.0/../../../../arm-none-eabi/lib\libg.a(libc_a-svfiscanf.o)
 .comment       0x00000023       0x24 C:/devkitPro/devkitARM/bin/../lib/gcc/arm-none-eabi/15.1.0/../../../../arm-none-eabi/lib\libg.a(libc_a-findfp.o)
 .comment       0x00000023       0x24 C:/devkitPro/devkitARM/bin/../lib/gcc/arm-none-eabi/15.1.0/../../../../arm-none-eabi/lib\libg.a(libc_a-strtoul.o)
 .comment       0x00000023       0x24 C:/devkitPro/devkitARM/bin/../lib/gcc/arm-none-eabi/15.1.0/../../../../arm-none-eabi/lib\libg.a(libc_a-fwalk.o)
 .comment       0x00000023       0x24 C:/devkitPro/devkitARM/bin/../lib/gcc/arm-none-eabi/15.1.0/../../../../arm-none-eabi/lib\libg.a(libc_a-sprint_r.o)
 .comment       0x00000023       0x24 C:/devkitPro/devkitARM/bin/../lib/gcc/arm-none-eabi/15.1.0/../../../../arm-none-eabi/lib\libg.a(libc_a-iswspace.o)
 .comment       0x00000023       0x24 C:/devkitPro/devkitARM/bin/../lib/gcc/arm-none-eabi/15.1.0/../../../../arm-none-eabi/lib\libg.a(libc_a-localeconv.o)
 .comment       0x00000023       0x24 C:/devkitPro/devkitARM/bin/../lib/gcc/arm-none-eabi/15.1.0/../../../../arm-none-eabi/lib\libg.a(libc_a-realloc.o)
 .comment       0x00000023       0x24 C:/devkitPro/devkitARM/bin/../lib/gcc/arm-none-eabi/15.1.0/../../../../arm-none-eabi/lib\libg.a(libc_a-memchr-stub.o)
 .comment       0x00000023       0x24 C:/devkitPro/devkitARM/bin/../lib/gcc/arm-none-eabi/15.1.0/../../../../arm-none-eabi/lib\libg.a(libc_a-wcrtomb.o)
 .comment       0x00000023       0x24 C:/devkitPro/devkitARM/bin/../lib/gcc/arm-none-eabi/15.1.0/../../../../arm-none-eabi/lib\libg.a(libc_a-strtol.o)
 .comment       0x00000023       0x24 C:/devkitPro/devkitARM/bin/../lib/gcc/arm-none-eabi/15.1.0/../../../../arm-none-eabi/lib\libg.a(libc_a-fini.o)
 .comment       0x00000023       0x24 C:/devkitPro/devkitARM/bin/../lib/gcc/arm-none-eabi/15.1.0/../../../../arm-none-eabi/lib\libg.a(libc_a-malloc.o)
 .comment       0x00000023       0x24 C:/devkitPro/devkitARM/bin/../lib/gcc/arm-none-eabi/15.1.0/../../../../arm-none-eabi/lib\libg.a(libc_a-sccl.o)
 .comment       0x00000023       0x24 C:/devkitPro/devkitARM/bin/../lib/gcc/arm-none-eabi/15.1.0/../../../../arm-none-eabi/lib\libg.a(libc_a-fflush.o)
 .comment       0x00000023       0x24 C:/devkitPro/devkitARM/bin/../lib/gcc/arm-none-eabi/15.1.0/../../../../arm-none-eabi/lib\libg.a(libc_a-ctype_.o)
 .comment       0x00000023       0x24 C:/devkitPro/devkitARM/bin/../lib/gcc/arm-none-eabi/15.1.0/../../../../arm-none-eabi/lib\libg.a(libc_a-makebuf.o)
 .comment       0x00000023       0x24 C:/devkitPro/devkitARM/bin/../lib/gcc/arm-none-eabi/15.1.0/../../../../arm-none-eabi/lib\libg.a(libc_a-reallocr.o)
 .comment       0x00000023       0x24 C:/devkitPro/devkitARM/bin/../lib/gcc/arm-none-eabi/15.1.0/../../../../arm-none-eabi/lib\libg.a(libc_a-impure.o)
 .comment       0x00000023       0x24 C:/devkitPro/devkitARM/bin/../lib/gcc/arm-none-eabi/15.1.0/../../../../arm-none-eabi/lib\libg.a(libc_a-strncpy.o)
 .comment       0x00000023       0x24 C:/devkitPro/devkitARM/bin/../lib/gcc/arm-none-eabi/15.1.0/../../../../arm-none-eabi/lib\libg.a(libc_a-strtoull.o)
 .comment       0x00000023       0x24 C:/devkitPro/devkitARM/bin/../lib/gcc/arm-none-eabi/15.1.0/../../../../arm-none-eabi/lib\libg.a(libc_a-wcsrtombs.o)
 .comment       0x00000023       0x24 C:/devkitPro/devkitARM/bin/../lib/gcc/arm-none-eabi/15.1.0/../../../../arm-none-eabi/lib\libg.a(libc_a-svfiprintf.o)
 .comment       0x00000023       0x24 C:/devkitPro/devkitARM/bin/../lib/gcc/arm-none-eabi/15.1.0/../../../../arm-none-eabi/lib\libg.a(libc_a-mbrtowc.o)
 .comment       0x00000023       0x24 C:/devkitPro/devkitARM/bin/../lib/gcc/arm-none-eabi/15.1.0/../../../../arm-none-eabi/lib\libg.a(libc_a-wsetup.o)
 .comment       0x00000023       0x24 C:/devkitPro/devkitARM/bin/../lib/gcc/arm-none-eabi/15.1.0/../../../../arm-none-eabi/lib\libg.a(libc_a-fvwrite.o)
 .comment       0x00000023       0x24 C:/devkitPro/devkitARM/bin/../lib/gcc/arm-none-eabi/15.1.0/../../../../arm-none-eabi/lib\libg.a(libc_a-memmove.o)
 .comment       0x00000023       0x24 C:/devkitPro/devkitARM/bin/../lib/gcc/arm-none-eabi/15.1.0/../../../../arm-none-eabi/lib\libg.a(libc_a-iswspace_l.o)
 .comment       0x00000023       0x24 C:/devkitPro/devkitARM/bin/../lib/gcc/arm-none-eabi/15.1.0/../../../../arm-none-eabi/lib\libg.a(libc_a-fclose.o)
 .comment       0x00000023       0x24 C:/devkitPro/devkitARM/bin/../lib/gcc/arm-none-eabi/15.1.0/../../../../arm-none-eabi/lib\libg.a(libc_a-strtoll.o)
 .comment       0x00000023       0x24 C:/devkitPro/devkitARM/bin/../lib/gcc/arm-none-eabi/15.1.0/../../../../arm-none-eabi/lib\libg.a(libc_a-locale.o)
 .comment       0x00000023       0x24 C:/devkitPro/devkitARM/bin/../lib/gcc/arm-none-eabi/15.1.0/../../../../arm-none-eabi/lib\libg.a(libc_a-ungetc.o)
 .comment       0x00000023       0x24 C:/devkitPro/devkitARM/bin/../lib/gcc/arm-none-eabi/15.1.0/../../../../arm-none-eabi/lib\libg.a(libc_a-malignr.o)
 .comment       0x00000023       0x24 C:/devkitPro/devkitARM/bin/../lib/gcc/arm-none-eabi/15.1.0/../../../../arm-none-eabi/lib\libg.a(libc_a-wcsnrtombs.o)
 .comment       0x00000023       0x24 C:/devkitPro/devkitARM/bin/../lib/gcc/arm-none-eabi/15.1.0/../../../../arm-none-eabi/lib\libg.a(libc_a-mbtowc_r.o)
 .comment       0x00000023       0x24 C:/devkitPro/devkitARM/bin/../lib/gcc/arm-none-eabi/15.1.0/../../../../arm-none-eabi/lib\libg.a(libc_a-categories.o)
 .comment       0x00000023       0x24 C:/devkitPro/devkitARM/bin/../lib/gcc/arm-none-eabi/15.1.0/../../../../arm-none-eabi/lib\libg.a(libc_a-wctomb_r.o)
 .comment       0x00000023       0x24 C:/devkitPro/devkitARM/bin/../lib/gcc/arm-none-eabi/15.1.0/../../../../arm-none-eabi/lib\libsysbase.a(libsysbase_libsysbase_a-_exit.o)
 .comment       0x00000023       0x24 C:/devkitPro/devkitARM/bin/../lib/gcc/arm-none-eabi/15.1.0/../../../../arm-none-eabi/lib\libsysbase.a(libsysbase_libsysbase_a-fstat.o)
 .comment       0x00000023       0x24 C:/devkitPro/devkitARM/bin/../lib/gcc/arm-none-eabi/15.1.0/../../../../arm-none-eabi/lib\libsysbase.a(libsysbase_libsysbase_a-getreent.o)
 .comment       0x00000023       0x24 C:/devkitPro/devkitARM/bin/../lib/gcc/arm-none-eabi/15.1.0/../../../../arm-none-eabi/lib\libsysbase.a(libsysbase_libsysbase_a-handle_manager.o)
 .comment       0x00000023       0x24 C:/devkitPro/devkitARM/bin/../lib/gcc/arm-none-eabi/15.1.0/../../../../arm-none-eabi/lib\libsysbase.a(libsysbase_libsysbase_a-iosupport.o)
 .comment       0x00000023       0x24 C:/devkitPro/devkitARM/bin/../lib/gcc/arm-none-eabi/15.1.0/../../../../arm-none-eabi/lib\libsysbase.a(libsysbase_libsysbase_a-isatty.o)
 .comment       0x00000023       0x24 C:/devkitPro/devkitARM/bin/../lib/gcc/arm-none-eabi/15.1.0/../../../../arm-none-eabi/lib\libsysbase.a(libsysbase_libsysbase_a-lseek.o)
 .comment       0x00000023       0x24 C:/devkitPro/devkitARM/bin/../lib/gcc/arm-none-eabi/15.1.0/../../../../arm-none-eabi/lib\libsysbase.a(libsysbase_libsysbase_a-malloc_vars.o)
 .comment       0x00000023       0x24 C:/devkitPro/devkitARM/bin/../lib/gcc/arm-none-eabi/15.1.0/../../../../arm-none-eabi/lib\libsysbase.a(libsysbase_libsysbase_a-read.o)
 .comment       0x00000023       0x24 C:/devkitPro/devkitARM/bin/../lib/gcc/arm-none-eabi/15.1.0/../../../../arm-none-eabi/lib\libsysbase.a(libsysbase_libsysbase_a-sbrk.o)
 .comment       0x00000023       0x24 C:/devkitPro/devkitARM/bin/../lib/gcc/arm-none-eabi/15.1.0/../../../../arm-none-eabi/lib\libsysbase.a(libsysbase_libsysbase_a-syscall_support.o)
 .comment       0x00000023       0x24 C:/devkitPro/devkitARM/bin/../lib/gcc/arm-none-eabi/15.1.0/../../../../arm-none-eabi/lib\libsysbase.a(libsysbase_libsysbase_a-write.o)
 .comment       0x00000023       0x24 C:/devkitPro/devkitARM/bin/../lib/gcc/arm-none-eabi/15.1.0/crtend.o

.gnu.build.attributes
 *(.gnu.build.attributes .gnu.build.attributes.*)

.debug
 *(.debug)

.line
 *(.line)

.debug_srcinfo
 *(.debug_srcinfo)

.debug_sfnames
 *(.debug_sfnames)

.debug_aranges  0x00000000      0x748
 *(.debug_aranges)
 .debug_aranges
                0x00000000       0x20 main.o
 .debug_aranges
                0x00000020       0x80 C:/devkitPro/libnds/lib\libnds9.a(console.o)
 .debug_aranges
                0x000000a0       0x50 C:/devkitPro/libnds/lib\libnds9.a(keys.o)
 .debug_aranges
                0x000000f0       0x40 C:/devkitPro/libnds/lib\libnds9.a(background.o)
 .debug_aranges
                0x00000130       0x60 C:/devkitPro/libnds/lib\libnds9.a(trig.o)
 .debug_aranges
                0x00000190       0x88 C:/devkitPro/calico/lib\libcalico_ds9.a(thread_cold.o)
 .debug_aranges
                0x00000218       0x50 C:/devkitPro/calico/lib\libcalico_ds9.a(thread_hot.32.o)
 .debug_aranges
                0x00000268       0x28 C:/devkitPro/calico/lib\libcalico_ds9.a(arm-context.32.o)
 .debug_aranges
                0x00000290       0x70 C:/devkitPro/calico/lib\libcalico_ds9.a(arm-shims.32.o)
 .debug_aranges
                0x00000300       0x20 C:/devkitPro/calico/lib\libcalico_ds9.a(keypad.o)
 .debug_aranges
                0x00000320       0xa0 C:/devkitPro/calico/lib\libcalico_ds9.a(pm.o)
 .debug_aranges
                0x000003c0       0x38 C:/devkitPro/calico/lib\libcalico_ds9.a(bootstub_arm9.o)
 .debug_aranges
                0x000003f8       0x20 C:/devkitPro/calico/lib\libcalico_ds9.a(excpt_handler.32.o)
 .debug_aranges
                0x00000418       0x20 C:/devkitPro/calico/lib\libcalico_ds9.a(touch.o)
 .debug_aranges
                0x00000438       0x50 C:/devkitPro/calico/lib\libcalico_ds9.a(tick.o)
 .debug_aranges
                0x00000488       0x30 C:/devkitPro/calico/lib\libcalico_ds9.a(mailbox.o)
 .debug_aranges
                0x000004b8       0xa8 C:/devkitPro/calico/lib\libcalico_ds9.a(newlib_syscalls.o)
 .debug_aranges
                0x00000560       0x48 C:/devkitPro/calico/lib\libcalico_ds9.a(arm-cache.32.o)
 .debug_aranges
                0x000005a8       0x28 C:/devkitPro/calico/lib\libcalico_ds9.a(startup.crt0.o)
 .debug_aranges
                0x000005d0       0x28 C:/devkitPro/calico/lib\libcalico_ds9.a(utils.crt0.o)
 .debug_aranges
                0x000005f8       0x20 C:/devkitPro/calico/lib\libcalico_ds9.a(irq_handler.32.o)
 .debug_aranges
                0x00000618       0x78 C:/devkitPro/calico/lib\libcalico_ds9.a(pxi.o)
 .debug_aranges
                0x00000690       0x20 C:/devkitPro/calico/lib\libcalico_ds9.a(mpu_setup.crt0.o)
 .debug_aranges
                0x000006b0       0x28 C:/devkitPro/calico/lib\libcalico_ds9.a(sys_startup.o)
 .debug_aranges
                0x000006d8       0x20 C:/devkitPro/calico/lib\libcalico_ds9.a(irq.o)
 .debug_aranges
                0x000006f8       0x50 C:/devkitPro/calico/lib\libcalico_ds9.a(mutex.o)

.debug_pubnames
 *(.debug_pubnames)

.debug_info     0x00000000     0xfb67
 *(.debug_info .gnu.linkonce.wi.*)
 .debug_info    0x00000000      0x9fd main.o
 .debug_info    0x000009fd     0x2a7a C:/devkitPro/libnds/lib\libnds9.a(console.o)
 .debug_info    0x00003477      0x48d C:/devkitPro/libnds/lib\libnds9.a(keys.o)
 .debug_info    0x00003904      0xa36 C:/devkitPro/libnds/lib\libnds9.a(background.o)
 .debug_info    0x0000433a      0x77c C:/devkitPro/libnds/lib\libnds9.a(trig.o)
 .debug_info    0x00004ab6     0x1e51 C:/devkitPro/calico/lib\libcalico_ds9.a(thread_cold.o)
 .debug_info    0x00006907     0x126f C:/devkitPro/calico/lib\libcalico_ds9.a(thread_hot.32.o)
 .debug_info    0x00007b76       0x3b C:/devkitPro/calico/lib\libcalico_ds9.a(arm-context.32.o)
 .debug_info    0x00007bb1      0x385 C:/devkitPro/calico/lib\libcalico_ds9.a(arm-shims.32.o)
 .debug_info    0x00007f36      0x1c6 C:/devkitPro/calico/lib\libcalico_ds9.a(keypad.o)
 .debug_info    0x000080fc     0x1b21 C:/devkitPro/calico/lib\libcalico_ds9.a(pm.o)
 .debug_info    0x00009c1d       0x3e C:/devkitPro/calico/lib\libcalico_ds9.a(bootstub_arm9.o)
 .debug_info    0x00009c5b       0x5d C:/devkitPro/calico/lib\libcalico_ds9.a(excpt_handler.32.o)
 .debug_info    0x00009cb8      0x26f C:/devkitPro/calico/lib\libcalico_ds9.a(touch.o)
 .debug_info    0x00009f27      0xc64 C:/devkitPro/calico/lib\libcalico_ds9.a(tick.o)
 .debug_info    0x0000ab8b      0x80d C:/devkitPro/calico/lib\libcalico_ds9.a(mailbox.o)
 .debug_info    0x0000b398     0x161d C:/devkitPro/calico/lib\libcalico_ds9.a(newlib_syscalls.o)
 .debug_info    0x0000c9b5       0x67 C:/devkitPro/calico/lib\libcalico_ds9.a(arm-cache.32.o)
 .debug_info    0x0000ca1c      0x4e1 C:/devkitPro/calico/lib\libcalico_ds9.a(startup.crt0.o)
 .debug_info    0x0000cefd       0x3b C:/devkitPro/calico/lib\libcalico_ds9.a(utils.crt0.o)
 .debug_info    0x0000cf38       0x33 C:/devkitPro/calico/lib\libcalico_ds9.a(irq_handler.32.o)
 .debug_info    0x0000cf6b     0x13cf C:/devkitPro/calico/lib\libcalico_ds9.a(pxi.o)
 .debug_info    0x0000e33a       0x33 C:/devkitPro/calico/lib\libcalico_ds9.a(mpu_setup.crt0.o)
 .debug_info    0x0000e36d      0x4fc C:/devkitPro/calico/lib\libcalico_ds9.a(sys_startup.o)
 .debug_info    0x0000e869      0x28e C:/devkitPro/calico/lib\libcalico_ds9.a(irq.o)
 .debug_info    0x0000eaf7     0x1070 C:/devkitPro/calico/lib\libcalico_ds9.a(mutex.o)

.debug_abbrev   0x00000000     0x3d61
 *(.debug_abbrev)
 .debug_abbrev  0x00000000      0x29b main.o
 .debug_abbrev  0x0000029b      0x62f C:/devkitPro/libnds/lib\libnds9.a(console.o)
 .debug_abbrev  0x000008ca      0x273 C:/devkitPro/libnds/lib\libnds9.a(keys.o)
 .debug_abbrev  0x00000b3d      0x364 C:/devkitPro/libnds/lib\libnds9.a(background.o)
 .debug_abbrev  0x00000ea1      0x26c C:/devkitPro/libnds/lib\libnds9.a(trig.o)
 .debug_abbrev  0x0000110d      0x592 C:/devkitPro/calico/lib\libcalico_ds9.a(thread_cold.o)
 .debug_abbrev  0x0000169f      0x36d C:/devkitPro/calico/lib\libcalico_ds9.a(thread_hot.32.o)
 .debug_abbrev  0x00001a0c       0x26 C:/devkitPro/calico/lib\libcalico_ds9.a(arm-context.32.o)
 .debug_abbrev  0x00001a32      0x1c3 C:/devkitPro/calico/lib\libcalico_ds9.a(arm-shims.32.o)
 .debug_abbrev  0x00001bf5       0xd0 C:/devkitPro/calico/lib\libcalico_ds9.a(keypad.o)
 .debug_abbrev  0x00001cc5      0x693 C:/devkitPro/calico/lib\libcalico_ds9.a(pm.o)
 .debug_abbrev  0x00002358       0x26 C:/devkitPro/calico/lib\libcalico_ds9.a(bootstub_arm9.o)
 .debug_abbrev  0x0000237e       0x26 C:/devkitPro/calico/lib\libcalico_ds9.a(excpt_handler.32.o)
 .debug_abbrev  0x000023a4      0x11a C:/devkitPro/calico/lib\libcalico_ds9.a(touch.o)
 .debug_abbrev  0x000024be      0x329 C:/devkitPro/calico/lib\libcalico_ds9.a(tick.o)
 .debug_abbrev  0x000027e7      0x2af C:/devkitPro/calico/lib\libcalico_ds9.a(mailbox.o)
 .debug_abbrev  0x00002a96      0x4a2 C:/devkitPro/calico/lib\libcalico_ds9.a(newlib_syscalls.o)
 .debug_abbrev  0x00002f38       0x26 C:/devkitPro/calico/lib\libcalico_ds9.a(arm-cache.32.o)
 .debug_abbrev  0x00002f5e      0x1d6 C:/devkitPro/calico/lib\libcalico_ds9.a(startup.crt0.o)
 .debug_abbrev  0x00003134       0x26 C:/devkitPro/calico/lib\libcalico_ds9.a(utils.crt0.o)
 .debug_abbrev  0x0000315a       0x28 C:/devkitPro/calico/lib\libcalico_ds9.a(irq_handler.32.o)
 .debug_abbrev  0x00003182      0x446 C:/devkitPro/calico/lib\libcalico_ds9.a(pxi.o)
 .debug_abbrev  0x000035c8       0x28 C:/devkitPro/calico/lib\libcalico_ds9.a(mpu_setup.crt0.o)
 .debug_abbrev  0x000035f0      0x1e7 C:/devkitPro/calico/lib\libcalico_ds9.a(sys_startup.o)
 .debug_abbrev  0x000037d7      0x1c1 C:/devkitPro/calico/lib\libcalico_ds9.a(irq.o)
 .debug_abbrev  0x00003998      0x3c9 C:/devkitPro/calico/lib\libcalico_ds9.a(mutex.o)

.debug_line     0x00000000     0x99ee
 *(.debug_line .debug_line.* .debug_line_end)
 .debug_line    0x00000000      0x39c main.o
 .debug_line    0x0000039c     0x1622 C:/devkitPro/libnds/lib\libnds9.a(console.o)
 .debug_line    0x000019be      0x457 C:/devkitPro/libnds/lib\libnds9.a(keys.o)
 .debug_line    0x00001e15      0x61c C:/devkitPro/libnds/lib\libnds9.a(background.o)
 .debug_line    0x00002431      0x77f C:/devkitPro/libnds/lib\libnds9.a(trig.o)
 .debug_line    0x00002bb0      0xeab C:/devkitPro/calico/lib\libcalico_ds9.a(thread_cold.o)
 .debug_line    0x00003a5b     0x1058 C:/devkitPro/calico/lib\libcalico_ds9.a(thread_hot.32.o)
 .debug_line    0x00004ab3       0x69 C:/devkitPro/calico/lib\libcalico_ds9.a(arm-context.32.o)
 .debug_line    0x00004b1c      0x2aa C:/devkitPro/calico/lib\libcalico_ds9.a(arm-shims.32.o)
 .debug_line    0x00004dc6      0x16f C:/devkitPro/calico/lib\libcalico_ds9.a(keypad.o)
 .debug_line    0x00004f35      0xdf1 C:/devkitPro/calico/lib\libcalico_ds9.a(pm.o)
 .debug_line    0x00005d26      0x108 C:/devkitPro/calico/lib\libcalico_ds9.a(bootstub_arm9.o)
 .debug_line    0x00005e2e       0x66 C:/devkitPro/calico/lib\libcalico_ds9.a(excpt_handler.32.o)
 .debug_line    0x00005e94      0x19d C:/devkitPro/calico/lib\libcalico_ds9.a(touch.o)
 .debug_line    0x00006031      0xa69 C:/devkitPro/calico/lib\libcalico_ds9.a(tick.o)
 .debug_line    0x00006a9a      0x4e3 C:/devkitPro/calico/lib\libcalico_ds9.a(mailbox.o)
 .debug_line    0x00006f7d      0x765 C:/devkitPro/calico/lib\libcalico_ds9.a(newlib_syscalls.o)
 .debug_line    0x000076e2       0xb2 C:/devkitPro/calico/lib\libcalico_ds9.a(arm-cache.32.o)
 .debug_line    0x00007794      0x3bd C:/devkitPro/calico/lib\libcalico_ds9.a(startup.crt0.o)
 .debug_line    0x00007b51       0x7d C:/devkitPro/calico/lib\libcalico_ds9.a(utils.crt0.o)
 .debug_line    0x00007bce       0x92 C:/devkitPro/calico/lib\libcalico_ds9.a(irq_handler.32.o)
 .debug_line    0x00007c60      0x983 C:/devkitPro/calico/lib\libcalico_ds9.a(pxi.o)
 .debug_line    0x000085e3       0x6e C:/devkitPro/calico/lib\libcalico_ds9.a(mpu_setup.crt0.o)
 .debug_line    0x00008651      0x46b C:/devkitPro/calico/lib\libcalico_ds9.a(sys_startup.o)
 .debug_line    0x00008abc      0x26e C:/devkitPro/calico/lib\libcalico_ds9.a(irq.o)
 .debug_line    0x00008d2a      0xcc4 C:/devkitPro/calico/lib\libcalico_ds9.a(mutex.o)

.debug_frame    0x00000000     0x1054
 *(.debug_frame)
 .debug_frame   0x00000000       0x38 main.o
 .debug_frame   0x00000038      0x17c C:/devkitPro/libnds/lib\libnds9.a(console.o)
 .debug_frame   0x000001b4       0x98 C:/devkitPro/libnds/lib\libnds9.a(keys.o)
 .debug_frame   0x0000024c       0xb4 C:/devkitPro/libnds/lib\libnds9.a(background.o)
 .debug_frame   0x00000300       0xd8 C:/devkitPro/libnds/lib\libnds9.a(trig.o)
 .debug_frame   0x000003d8      0x194 C:/devkitPro/calico/lib\libcalico_ds9.a(thread_cold.o)
 .debug_frame   0x0000056c      0x10c C:/devkitPro/calico/lib\libcalico_ds9.a(thread_hot.32.o)
 .debug_frame   0x00000678       0x30 C:/devkitPro/calico/lib\libcalico_ds9.a(arm-context.32.o)
 .debug_frame   0x000006a8       0xc0 C:/devkitPro/calico/lib\libcalico_ds9.a(arm-shims.32.o)
 .debug_frame   0x00000768       0x20 C:/devkitPro/calico/lib\libcalico_ds9.a(keypad.o)
 .debug_frame   0x00000788      0x190 C:/devkitPro/calico/lib\libcalico_ds9.a(pm.o)
 .debug_frame   0x00000918       0x30 C:/devkitPro/calico/lib\libcalico_ds9.a(bootstub_arm9.o)
 .debug_frame   0x00000948       0x28 C:/devkitPro/calico/lib\libcalico_ds9.a(touch.o)
 .debug_frame   0x00000970       0xf0 C:/devkitPro/calico/lib\libcalico_ds9.a(tick.o)
 .debug_frame   0x00000a60       0x64 C:/devkitPro/calico/lib\libcalico_ds9.a(mailbox.o)
 .debug_frame   0x00000ac4      0x1a4 C:/devkitPro/calico/lib\libcalico_ds9.a(newlib_syscalls.o)
 .debug_frame   0x00000c68       0x70 C:/devkitPro/calico/lib\libcalico_ds9.a(arm-cache.32.o)
 .debug_frame   0x00000cd8       0x58 C:/devkitPro/calico/lib\libcalico_ds9.a(startup.crt0.o)
 .debug_frame   0x00000d30       0x30 C:/devkitPro/calico/lib\libcalico_ds9.a(utils.crt0.o)
 .debug_frame   0x00000d60       0x20 C:/devkitPro/calico/lib\libcalico_ds9.a(irq_handler.32.o)
 .debug_frame   0x00000d80      0x15c C:/devkitPro/calico/lib\libcalico_ds9.a(pxi.o)
 .debug_frame   0x00000edc       0x20 C:/devkitPro/calico/lib\libcalico_ds9.a(mpu_setup.crt0.o)
 .debug_frame   0x00000efc       0x38 C:/devkitPro/calico/lib\libcalico_ds9.a(sys_startup.o)
 .debug_frame   0x00000f34       0x28 C:/devkitPro/calico/lib\libcalico_ds9.a(irq.o)
 .debug_frame   0x00000f5c       0xf8 C:/devkitPro/calico/lib\libcalico_ds9.a(mutex.o)

.debug_str      0x00000000     0x3622
 *(.debug_str)
 .debug_str     0x00000000     0x3622 main.o
                                0x959 (size before relaxing)
 .debug_str     0x00003622     0x130b C:/devkitPro/libnds/lib\libnds9.a(console.o)
 .debug_str     0x00003622      0x2eb C:/devkitPro/libnds/lib\libnds9.a(keys.o)
 .debug_str     0x00003622      0x76c C:/devkitPro/libnds/lib\libnds9.a(background.o)
 .debug_str     0x00003622      0x2d5 C:/devkitPro/libnds/lib\libnds9.a(trig.o)
 .debug_str     0x00003622      0x9e0 C:/devkitPro/calico/lib\libcalico_ds9.a(thread_cold.o)
 .debug_str     0x00003622      0x4c8 C:/devkitPro/calico/lib\libcalico_ds9.a(thread_hot.32.o)
 .debug_str     0x00003622       0xac C:/devkitPro/calico/lib\libcalico_ds9.a(arm-context.32.o)
 .debug_str     0x00003622      0x245 C:/devkitPro/calico/lib\libcalico_ds9.a(arm-shims.32.o)
 .debug_str     0x00003622      0x25f C:/devkitPro/calico/lib\libcalico_ds9.a(keypad.o)
 .debug_str     0x00003622      0xd3c C:/devkitPro/calico/lib\libcalico_ds9.a(pm.o)
 .debug_str     0x00003622       0xbb C:/devkitPro/calico/lib\libcalico_ds9.a(bootstub_arm9.o)
 .debug_str     0x00003622       0xe5 C:/devkitPro/calico/lib\libcalico_ds9.a(excpt_handler.32.o)
 .debug_str     0x00003622      0x282 C:/devkitPro/calico/lib\libcalico_ds9.a(touch.o)
 .debug_str     0x00003622      0x375 C:/devkitPro/calico/lib\libcalico_ds9.a(tick.o)
 .debug_str     0x00003622      0x37b C:/devkitPro/calico/lib\libcalico_ds9.a(mailbox.o)
 .debug_str     0x00003622      0xb64 C:/devkitPro/calico/lib\libcalico_ds9.a(newlib_syscalls.o)
 .debug_str     0x00003622      0x100 C:/devkitPro/calico/lib\libcalico_ds9.a(arm-cache.32.o)
 .debug_str     0x00003622      0x35d C:/devkitPro/calico/lib\libcalico_ds9.a(startup.crt0.o)
 .debug_str     0x00003622       0xb3 C:/devkitPro/calico/lib\libcalico_ds9.a(utils.crt0.o)
 .debug_str     0x00003622       0x9e C:/devkitPro/calico/lib\libcalico_ds9.a(irq_handler.32.o)
 .debug_str     0x00003622      0x960 C:/devkitPro/calico/lib\libcalico_ds9.a(pxi.o)
 .debug_str     0x00003622       0xa0 C:/devkitPro/calico/lib\libcalico_ds9.a(mpu_setup.crt0.o)
 .debug_str     0x00003622      0x37a C:/devkitPro/calico/lib\libcalico_ds9.a(sys_startup.o)
 .debug_str     0x00003622      0x20a C:/devkitPro/calico/lib\libcalico_ds9.a(irq.o)
 .debug_str     0x00003622      0x509 C:/devkitPro/calico/lib\libcalico_ds9.a(mutex.o)

.debug_loc
 *(.debug_loc)

.debug_macinfo
 *(.debug_macinfo)

.debug_weaknames
 *(.debug_weaknames)

.debug_funcnames
 *(.debug_funcnames)

.debug_typenames
 *(.debug_typenames)

.debug_varnames
 *(.debug_varnames)

.debug_pubtypes
 *(.debug_pubtypes)

.debug_ranges
 *(.debug_ranges)

.debug_macro
 *(.debug_macro)

.debug_addr
 *(.debug_addr)

.ARM.attributes
                0x00000000       0x27
 *(.ARM.attributes)
 .ARM.attributes
                0x00000000       0x1c C:/devkitPro/devkitARM/bin/../lib/gcc/arm-none-eabi/15.1.0/crti.o
 .ARM.attributes
                0x0000001c       0x2a C:/devkitPro/devkitARM/bin/../lib/gcc/arm-none-eabi/15.1.0/crtbegin.o
 .ARM.attributes
                0x00000046       0x2b main.o
 .ARM.attributes
                0x00000071       0x2b C:/devkitPro/libnds/lib\libnds9.a(console.o)
 .ARM.attributes
                0x0000009c       0x2b C:/devkitPro/libnds/lib\libnds9.a(keys.o)
 .ARM.attributes
                0x000000c7       0x1b C:/devkitPro/libnds/lib\libnds9.a(default_font.bin.o)
 .ARM.attributes
                0x000000e2       0x2b C:/devkitPro/libnds/lib\libnds9.a(background.o)
 .ARM.attributes
                0x0000010d       0x2b C:/devkitPro/libnds/lib\libnds9.a(trig.o)
 .ARM.attributes
                0x00000138       0x2b C:/devkitPro/calico/lib\libcalico_ds9.a(thread_cold.o)
 .ARM.attributes
                0x00000163       0x2b C:/devkitPro/calico/lib\libcalico_ds9.a(thread_hot.32.o)
 .ARM.attributes
                0x0000018e       0x1b C:/devkitPro/calico/lib\libcalico_ds9.a(arm-copy-fill.32.o)
 .ARM.attributes
                0x000001a9       0x1b C:/devkitPro/calico/lib\libcalico_ds9.a(arm-context.32.o)
 .ARM.attributes
                0x000001c4       0x2b C:/devkitPro/calico/lib\libcalico_ds9.a(arm-shims.32.o)
 .ARM.attributes
                0x000001ef       0x2b C:/devkitPro/calico/lib\libcalico_ds9.a(keypad.o)
 .ARM.attributes
                0x0000021a       0x2b C:/devkitPro/calico/lib\libcalico_ds9.a(pm.o)
 .ARM.attributes
                0x00000245       0x1b C:/devkitPro/calico/lib\libcalico_ds9.a(bootstub_arm9.o)
 .ARM.attributes
                0x00000260       0x1b C:/devkitPro/calico/lib\libcalico_ds9.a(excpt_handler.32.o)
 .ARM.attributes
                0x0000027b       0x2b C:/devkitPro/calico/lib\libcalico_ds9.a(touch.o)
 .ARM.attributes
                0x000002a6       0x2b C:/devkitPro/calico/lib\libcalico_ds9.a(tick.o)
 .ARM.attributes
                0x000002d1       0x2b C:/devkitPro/calico/lib\libcalico_ds9.a(mailbox.o)
 .ARM.attributes
                0x000002fc       0x2b C:/devkitPro/calico/lib\libcalico_ds9.a(newlib_syscalls.o)
 .ARM.attributes
                0x00000327       0x1b C:/devkitPro/calico/lib\libcalico_ds9.a(arm-cache.32.o)
 .ARM.attributes
                0x00000342       0x2b C:/devkitPro/calico/lib\libcalico_ds9.a(startup.crt0.o)
 .ARM.attributes
                0x0000036d       0x1b C:/devkitPro/calico/lib\libcalico_ds9.a(utils.crt0.o)
 .ARM.attributes
                0x00000388       0x1b C:/devkitPro/calico/lib\libcalico_ds9.a(irq_handler.32.o)
 .ARM.attributes
                0x000003a3       0x2b C:/devkitPro/calico/lib\libcalico_ds9.a(pxi.o)
 .ARM.attributes
                0x000003ce       0x1b C:/devkitPro/calico/lib\libcalico_ds9.a(mpu_setup.crt0.o)
 .ARM.attributes
                0x000003e9       0x2b C:/devkitPro/calico/lib\libcalico_ds9.a(sys_startup.o)
 .ARM.attributes
                0x00000414       0x2b C:/devkitPro/calico/lib\libcalico_ds9.a(irq.o)
 .ARM.attributes
                0x0000043f       0x2b C:/devkitPro/calico/lib\libcalico_ds9.a(mutex.o)
 .ARM.attributes
                0x0000046a       0x1c C:/devkitPro/devkitARM/bin/../lib/gcc/arm-none-eabi/15.1.0\libgcc.a(_divsi3.o)
 .ARM.attributes
                0x00000486       0x1c C:/devkitPro/devkitARM/bin/../lib/gcc/arm-none-eabi/15.1.0\libgcc.a(_dvmd_tls.o)
 .ARM.attributes